../Drivers/STM32F1xx_HAL_Driver/Inc/stm32f1xx_ll_rcc.h:774:22:LL_RCC_HSE_Enable	4	static
../Drivers/STM32F1xx_HAL_Driver/Inc/stm32f1xx_ll_rcc.h:794:26:LL_RCC_HSE_IsReady	4	static
../Drivers/STM32F1xx_HAL_Driver/Inc/stm32f1xx_ll_rcc.h:1014:22:LL_RCC_SetSysClkSource	16	static
../Drivers/STM32F1xx_HAL_Driver/Inc/stm32f1xx_ll_rcc.h:1027:26:LL_RCC_GetSysClkSource	4	static
../Drivers/STM32F1xx_HAL_Driver/Inc/stm32f1xx_ll_rcc.h:1047:22:LL_RCC_SetAHBPrescaler	16	static
../Drivers/STM32F1xx_HAL_Driver/Inc/stm32f1xx_ll_rcc.h:1063:22:LL_RCC_SetAPB1Prescaler	16	static
../Drivers/STM32F1xx_HAL_Driver/Inc/stm32f1xx_ll_rcc.h:1079:22:LL_RCC_SetAPB2Prescaler	16	static
../Drivers/STM32F1xx_HAL_Driver/Inc/stm32f1xx_ll_rcc.h:1387:22:LL_RCC_PLL_Enable	4	static
../Drivers/STM32F1xx_HAL_Driver/Inc/stm32f1xx_ll_rcc.h:1408:26:LL_RCC_PLL_IsReady	4	static
../Drivers/STM32F1xx_HAL_Driver/Inc/stm32f1xx_ll_rcc.h:1477:22:LL_RCC_PLL_ConfigDomain_SYS	16	static
../Drivers/STM32F1xx_HAL_Driver/Inc/stm32f1xx_ll_system.h:470:22:LL_FLASH_SetLatency	16	static
../Drivers/STM32F1xx_HAL_Driver/Inc/stm32f1xx_ll_system.h:483:26:LL_FLASH_GetLatency	4	static
../Drivers/STM32F1xx_HAL_Driver/Inc/stm32f1xx_ll_tim.h:1325:26:LL_TIM_GetCounter	16	static
../Core/Src/main.c:65:5:main	24	static
../Core/Src/main.c:218:6:SystemClock_Config	8	static
../Core/Src/main.c:266:6:Error_Handler	4	static,ignoring_inline_asm
