../Drivers/STM32F1xx_HAL_Driver/Inc/stm32f1xx_ll_dma.h:454:22:LL_DMA_EnableChannel	16	static
../Drivers/STM32F1xx_HAL_Driver/Inc/stm32f1xx_ll_dma.h:473:22:LL_DMA_DisableChannel	16	static
../Drivers/STM32F1xx_HAL_Driver/Inc/stm32f1xx_ll_dma.h:577:26:LL_DMA_GetDataTransferDirection	16	static
../Drivers/STM32F1xx_HAL_Driver/Inc/stm32f1xx_ll_dma.h:880:22:LL_DMA_SetDataLength	24	static
../Drivers/STM32F1xx_HAL_Driver/Inc/stm32f1xx_ll_dma.h:931:22:LL_DMA_ConfigAddresses	24	static
../Drivers/STM32F1xx_HAL_Driver/Inc/stm32f1xx_ll_dma.h:1471:22:LL_DMA_ClearFlag_GI4	16	static
../Drivers/STM32F1xx_HAL_Driver/Inc/stm32f1xx_ll_dma.h:1548:22:LL_DMA_ClearFlag_TC4	16	static
../Drivers/STM32F1xx_HAL_Driver/Inc/stm32f1xx_ll_dma.h:1702:22:LL_DMA_ClearFlag_TE4	16	static
../Drivers/STM32F1xx_HAL_Driver/Inc/stm32f1xx_ll_dma.h:1762:22:LL_DMA_EnableIT_TC	16	static
../Drivers/STM32F1xx_HAL_Driver/Inc/stm32f1xx_ll_dma.h:1800:22:LL_DMA_EnableIT_TE	16	static
../Drivers/STM32F1xx_HAL_Driver/Inc/stm32f1xx_ll_rcc.h:774:22:LL_RCC_HSE_Enable	4	static
../Drivers/STM32F1xx_HAL_Driver/Inc/stm32f1xx_ll_rcc.h:794:26:LL_RCC_HSE_IsReady	4	static
../Drivers/STM32F1xx_HAL_Driver/Inc/stm32f1xx_ll_rcc.h:1014:22:LL_RCC_SetSysClkSource	16	static
../Drivers/STM32F1xx_HAL_Driver/Inc/stm32f1xx_ll_rcc.h:1027:26:LL_RCC_GetSysClkSource	4	static
../Drivers/STM32F1xx_HAL_Driver/Inc/stm32f1xx_ll_rcc.h:1047:22:LL_RCC_SetAHBPrescaler	16	static
../Drivers/STM32F1xx_HAL_Driver/Inc/stm32f1xx_ll_rcc.h:1063:22:LL_RCC_SetAPB1Prescaler	16	static
../Drivers/STM32F1xx_HAL_Driver/Inc/stm32f1xx_ll_rcc.h:1079:22:LL_RCC_SetAPB2Prescaler	16	static
../Drivers/STM32F1xx_HAL_Driver/Inc/stm32f1xx_ll_rcc.h:1387:22:LL_RCC_PLL_Enable	4	static
../Drivers/STM32F1xx_HAL_Driver/Inc/stm32f1xx_ll_rcc.h:1408:26:LL_RCC_PLL_IsReady	4	static
../Drivers/STM32F1xx_HAL_Driver/Inc/stm32f1xx_ll_rcc.h:1477:22:LL_RCC_PLL_ConfigDomain_SYS	16	static
../Drivers/STM32F1xx_HAL_Driver/Inc/stm32f1xx_ll_system.h:470:22:LL_FLASH_SetLatency	16	static
../Drivers/STM32F1xx_HAL_Driver/Inc/stm32f1xx_ll_system.h:483:26:LL_FLASH_GetLatency	4	static
../Drivers/STM32F1xx_HAL_Driver/Inc/stm32f1xx_ll_usart.h:1861:26:LL_USART_IsActiveFlag_TXE	16	static
../Drivers/STM32F1xx_HAL_Driver/Inc/stm32f1xx_ll_usart.h:2396:22:LL_USART_EnableDMAReq_TX	16	static
../Drivers/STM32F1xx_HAL_Driver/Inc/stm32f1xx_ll_usart.h:2430:26:LL_USART_DMA_GetRegAddr	16	static
../Drivers/STM32F1xx_HAL_Driver/Inc/stm32f1xx_ll_usart.h:2473:22:LL_USART_TransmitData8	16	static
../Core/Src/MPU9250.h:155:5:MPU_begin	8	static
../Core/Src/MPU9250.h:268:5:whoAmI	8	static
../Core/Src/MPU9250.h:278:5:whoAmIAK8963	8	static
../Core/Src/MPU9250.h:289:5:writeRegister	24	static
../Core/Src/MPU9250.h:309:5:readRegisters	24	static
../Core/Src/MPU9250.h:320:9:SPIx_WriteRead	32	static
../Core/Src/MPU9250.h:333:6:MPU_SPI_Read	16	static
../Core/Src/MPU9250.h:347:6:MPU_SPI_Write	16	static
../Core/Src/MPU9250.h:362:5:writeAK8963Register	16	static
../Core/Src/MPU9250.h:391:5:readAK8963Registers	16	static
../Core/Src/MPU9250.h:412:5:setAccelRange	16	static
../Core/Src/MPU9250.h:420:5:setGyroRange	16	static
../Core/Src/MPU9250.h:429:5:setDlpfBandwidth	16	static
../Core/Src/MPU9250.h:440:5:setSrd	16	static
../Core/Src/MPU9250.h:482:5:enableDataReadyInterrupt	8	static
../Core/Src/MPU9250.h:494:5:disableDataReadyInterrupt	8	static
../Core/Src/MPU9250.h:503:5:readSensor	8	static
../Core/Src/MPU9250.h:522:5:readSensor3	24	static
../Core/Src/vector.h:11:6:M3fSetRow	24	static
../Core/Src/vector.h:18:6:M3fMultiply	32	static
../Core/Src/vector.h:33:6:V3fTransform	32	static
../Core/Src/vector.h:40:6:V3fMult	24	static
../Core/Src/vector.h:47:6:V3fEMA	32	static
../Core/Src/vector.h:60:7:M3fDefiner	32	static
../Core/Src/vector.h:72:8:M3fInvert	32	static
../Core/Src/vector.h:94:6:M3fDupe	16	static
../Core/Src/vector.h:109:6:V3fDupe	16	static
../Core/Src/vector.h:116:7:V3fDot	24	static
../Core/Src/vector.h:121:7:V3fLength	24	static
../Core/Src/vector.h:126:7:V3fLengthSqr	24	static
../Core/Src/vector.h:131:7:V3fCos	32	static
../Core/Src/vector.h:136:7:V3fAng	32	static
../Core/Src/vector.h:142:6:V3fCross	32	static
../Core/Src/vector.h:149:6:V3fNormalize	32	static
../Core/Src/vector.h:158:6:V3fNormalizeSelf	32	static
../Core/Src/vector.h:167:6:V3fProject	40	static
../Core/Src/vector.h:176:6:V3fReject	40	static
../Core/Src/vector.h:185:6:V3fReflect	40	static
../Core/Src/vector.h:194:6:V3fReflectM	40	static
../Core/Src/vector.h:211:6:V3fDiv	40	static
../Core/Src/vector.h:219:6:V3fInvert	16	static
../Core/Src/vector.h:226:6:V3fInvertSelf	16	static
../Core/Src/vector.h:233:6:V3fSum	32	static
../Core/Src/vector.h:240:6:V3fDiff	32	static
../Core/Src/vector.h:248:9:M3fGetEuler	32	static
../Core/Src/vector.h:279:6:floatToByteArray	32	static
../Core/Src/main.c:83:6:UART_to_Computer	24	static
../Core/Src/main.c:98:6:UART_TX_to_computer_DMA	24	static
../Core/Src/main.c:109:6:DMA1_TransmitComplete	4	static
../Core/Src/main.c:124:5:main	32	static
../Core/Src/main.c:218:6:SystemClock_Config	8	static
../Core/Src/main.c:260:6:ProcessHeadTracking	8	static
../Core/Src/main.c:268:6:SendTestData	48	static
../Core/Src/main.c:278:6:calibrateData	8	static
../Core/Src/main.c:296:6:processEulerMatrix	24	static
../Core/Src/main.c:318:6:TransmitSensorData	56	static
../Core/Src/main.c:332:6:processArduinoReport	16	static
../Core/Src/main.c:395:6:HAL_GPIO_EXTI_Callback	16	static
../Core/Src/main.c:413:6:Error_Handler	4	static,ignoring_inline_asm
