../Drivers/STM32F1xx_HAL_Driver/Inc/stm32f1xx_ll_dma.h:473:22:LL_DMA_DisableChannel	16	static
../Drivers/STM32F1xx_HAL_Driver/Inc/stm32f1xx_ll_dma.h:1240:26:LL_DMA_IsActiveFlag_TC4	16	static
../Drivers/STM32F1xx_HAL_Driver/Inc/stm32f1xx_ll_dma.h:1394:26:LL_DMA_IsActiveFlag_TE4	16	static
../Drivers/STM32F1xx_HAL_Driver/Inc/stm32f1xx_ll_dma.h:1548:22:LL_DMA_ClearFlag_TC4	16	static
../Drivers/STM32F1xx_HAL_Driver/Inc/stm32f1xx_ll_exti.h:775:26:LL_EXTI_IsActiveFlag_0_31	16	static
../Drivers/STM32F1xx_HAL_Driver/Inc/stm32f1xx_ll_exti.h:843:22:LL_EXTI_ClearFlag_0_31	16	static
../Core/Src/stm32f1xx_it.c:70:6:NMI_Handler	4	static
../Core/Src/stm32f1xx_it.c:85:6:HardFault_Handler	4	static
../Core/Src/stm32f1xx_it.c:100:6:MemManage_Handler	4	static
../Core/Src/stm32f1xx_it.c:115:6:BusFault_Handler	4	static
../Core/Src/stm32f1xx_it.c:130:6:UsageFault_Handler	4	static
../Core/Src/stm32f1xx_it.c:145:6:SVC_Handler	4	static
../Core/Src/stm32f1xx_it.c:158:6:DebugMon_Handler	4	static
../Core/Src/stm32f1xx_it.c:171:6:PendSV_Handler	4	static
../Core/Src/stm32f1xx_it.c:184:6:SysTick_Handler	8	static
../Core/Src/stm32f1xx_it.c:205:6:EXTI1_IRQHandler	8	static
../Core/Src/stm32f1xx_it.c:233:6:DMA1_Channel4_IRQHandler	8	static
