Archive member included to satisfy reference by file (symbol)

/Applications/STM32CubeIDE.app/Contents/Eclipse/plugins/com.st.stm32cube.ide.mcu.externaltools.gnu-tools-for-stm32.10.3-2021.10.macos64_1.0.0.202111181127/tools/bin/../lib/gcc/arm-none-eabi/10.3.1/../../../../arm-none-eabi/lib/thumb/v7-m/nofp/libc_nano.a(lib_a-errno.o)
                              ./Core/Src/syscalls.o (__errno)
/Applications/STM32CubeIDE.app/Contents/Eclipse/plugins/com.st.stm32cube.ide.mcu.externaltools.gnu-tools-for-stm32.10.3-2021.10.macos64_1.0.0.202111181127/tools/bin/../lib/gcc/arm-none-eabi/10.3.1/../../../../arm-none-eabi/lib/thumb/v7-m/nofp/libc_nano.a(lib_a-exit.o)
                              /Applications/STM32CubeIDE.app/Contents/Eclipse/plugins/com.st.stm32cube.ide.mcu.externaltools.gnu-tools-for-stm32.10.3-2021.10.macos64_1.0.0.202111181127/tools/bin/../lib/gcc/arm-none-eabi/10.3.1/../../../../arm-none-eabi/lib/thumb/v7-m/nofp/crt0.o (exit)
/Applications/STM32CubeIDE.app/Contents/Eclipse/plugins/com.st.stm32cube.ide.mcu.externaltools.gnu-tools-for-stm32.10.3-2021.10.macos64_1.0.0.202111181127/tools/bin/../lib/gcc/arm-none-eabi/10.3.1/../../../../arm-none-eabi/lib/thumb/v7-m/nofp/libc_nano.a(lib_a-impure.o)
                              /Applications/STM32CubeIDE.app/Contents/Eclipse/plugins/com.st.stm32cube.ide.mcu.externaltools.gnu-tools-for-stm32.10.3-2021.10.macos64_1.0.0.202111181127/tools/bin/../lib/gcc/arm-none-eabi/10.3.1/../../../../arm-none-eabi/lib/thumb/v7-m/nofp/libc_nano.a(lib_a-exit.o) (_global_impure_ptr)
/Applications/STM32CubeIDE.app/Contents/Eclipse/plugins/com.st.stm32cube.ide.mcu.externaltools.gnu-tools-for-stm32.10.3-2021.10.macos64_1.0.0.202111181127/tools/bin/../lib/gcc/arm-none-eabi/10.3.1/../../../../arm-none-eabi/lib/thumb/v7-m/nofp/libc_nano.a(lib_a-init.o)
                              /Applications/STM32CubeIDE.app/Contents/Eclipse/plugins/com.st.stm32cube.ide.mcu.externaltools.gnu-tools-for-stm32.10.3-2021.10.macos64_1.0.0.202111181127/tools/bin/../lib/gcc/arm-none-eabi/10.3.1/../../../../arm-none-eabi/lib/thumb/v7-m/nofp/crt0.o (__libc_init_array)
/Applications/STM32CubeIDE.app/Contents/Eclipse/plugins/com.st.stm32cube.ide.mcu.externaltools.gnu-tools-for-stm32.10.3-2021.10.macos64_1.0.0.202111181127/tools/bin/../lib/gcc/arm-none-eabi/10.3.1/../../../../arm-none-eabi/lib/thumb/v7-m/nofp/libc_nano.a(lib_a-memset.o)
                              /Applications/STM32CubeIDE.app/Contents/Eclipse/plugins/com.st.stm32cube.ide.mcu.externaltools.gnu-tools-for-stm32.10.3-2021.10.macos64_1.0.0.202111181127/tools/bin/../lib/gcc/arm-none-eabi/10.3.1/../../../../arm-none-eabi/lib/thumb/v7-m/nofp/crt0.o (memset)

Discarded input sections

 .text          0x0000000000000000        0x0 /Applications/STM32CubeIDE.app/Contents/Eclipse/plugins/com.st.stm32cube.ide.mcu.externaltools.gnu-tools-for-stm32.10.3-2021.10.macos64_1.0.0.202111181127/tools/bin/../lib/gcc/arm-none-eabi/10.3.1/thumb/v7-m/nofp/crti.o
 .data          0x0000000000000000        0x0 /Applications/STM32CubeIDE.app/Contents/Eclipse/plugins/com.st.stm32cube.ide.mcu.externaltools.gnu-tools-for-stm32.10.3-2021.10.macos64_1.0.0.202111181127/tools/bin/../lib/gcc/arm-none-eabi/10.3.1/thumb/v7-m/nofp/crti.o
 .bss           0x0000000000000000        0x0 /Applications/STM32CubeIDE.app/Contents/Eclipse/plugins/com.st.stm32cube.ide.mcu.externaltools.gnu-tools-for-stm32.10.3-2021.10.macos64_1.0.0.202111181127/tools/bin/../lib/gcc/arm-none-eabi/10.3.1/thumb/v7-m/nofp/crti.o
 .data          0x0000000000000000        0x4 /Applications/STM32CubeIDE.app/Contents/Eclipse/plugins/com.st.stm32cube.ide.mcu.externaltools.gnu-tools-for-stm32.10.3-2021.10.macos64_1.0.0.202111181127/tools/bin/../lib/gcc/arm-none-eabi/10.3.1/thumb/v7-m/nofp/crtbegin.o
 .rodata        0x0000000000000000       0x24 /Applications/STM32CubeIDE.app/Contents/Eclipse/plugins/com.st.stm32cube.ide.mcu.externaltools.gnu-tools-for-stm32.10.3-2021.10.macos64_1.0.0.202111181127/tools/bin/../lib/gcc/arm-none-eabi/10.3.1/thumb/v7-m/nofp/crtbegin.o
 .text          0x0000000000000000       0x7c /Applications/STM32CubeIDE.app/Contents/Eclipse/plugins/com.st.stm32cube.ide.mcu.externaltools.gnu-tools-for-stm32.10.3-2021.10.macos64_1.0.0.202111181127/tools/bin/../lib/gcc/arm-none-eabi/10.3.1/../../../../arm-none-eabi/lib/thumb/v7-m/nofp/crt0.o
 .data          0x0000000000000000        0x0 /Applications/STM32CubeIDE.app/Contents/Eclipse/plugins/com.st.stm32cube.ide.mcu.externaltools.gnu-tools-for-stm32.10.3-2021.10.macos64_1.0.0.202111181127/tools/bin/../lib/gcc/arm-none-eabi/10.3.1/../../../../arm-none-eabi/lib/thumb/v7-m/nofp/crt0.o
 .bss           0x0000000000000000        0x0 /Applications/STM32CubeIDE.app/Contents/Eclipse/plugins/com.st.stm32cube.ide.mcu.externaltools.gnu-tools-for-stm32.10.3-2021.10.macos64_1.0.0.202111181127/tools/bin/../lib/gcc/arm-none-eabi/10.3.1/../../../../arm-none-eabi/lib/thumb/v7-m/nofp/crt0.o
[...]
Memory Configuration

Name             Origin             Length             Attributes
RAM              0x0000000020000000 0x0000000000005000 xrw
FLASH            0x0000000008000000 0x0000000000010000 xr
*default*        0x0000000000000000 0xffffffffffffffff

Linker script and memory map

LOAD /Applications/STM32CubeIDE.app/Contents/Eclipse/plugins/com.st.stm32cube.ide.mcu.externaltools.gnu-tools-for-stm32.10.3-2021.10.macos64_1.0.0.202111181127/tools/bin/../lib/gcc/arm-none-eabi/10.3.1/thumb/v7-m/nofp/crti.o
LOAD /Applications/STM32CubeIDE.app/Contents/Eclipse/plugins/com.st.stm32cube.ide.mcu.externaltools.gnu-tools-for-stm32.10.3-2021.10.macos64_1.0.0.202111181127/tools/bin/../lib/gcc/arm-none-eabi/10.3.1/thumb/v7-m/nofp/crtbegin.o
LOAD /Applications/STM32CubeIDE.app/Contents/Eclipse/plugins/com.st.stm32cube.ide.mcu.externaltools.gnu-tools-for-stm32.10.3-2021.10.macos64_1.0.0.202111181127/tools/bin/../lib/gcc/arm-none-eabi/10.3.1/../../../../arm-none-eabi/lib/thumb/v7-m/nofp/crt0.o
LOAD ./Core/Src/gpio.o
LOAD ./Core/Src/main.o
LOAD ./Core/Src/stm32f1xx_hal_msp.o
LOAD ./Core/Src/stm32f1xx_it.o
LOAD ./Core/Src/syscalls.o
LOAD ./Core/Src/sysmem.o
LOAD ./Core/Src/system_stm32f1xx.o
LOAD ./Core/Src/tim.o
LOAD ./Core/Src/usart.o
LOAD ./Core/Startup/startup_stm32f103c8tx.o
LOAD ./Drivers/STM32F1xx_HAL_Driver/Src/stm32f1xx_hal.o
LOAD ./Drivers/STM32F1xx_HAL_Driver/Src/stm32f1xx_hal_cortex.o
LOAD ./Drivers/STM32F1xx_HAL_Driver/Src/stm32f1xx_hal_dma.o
LOAD ./Drivers/STM32F1xx_HAL_Driver/Src/stm32f1xx_hal_exti.o
LOAD ./Drivers/STM32F1xx_HAL_Driver/Src/stm32f1xx_hal_flash.o
LOAD ./Drivers/STM32F1xx_HAL_Driver/Src/stm32f1xx_hal_flash_ex.o
LOAD ./Drivers/STM32F1xx_HAL_Driver/Src/stm32f1xx_hal_gpio.o
LOAD ./Drivers/STM32F1xx_HAL_Driver/Src/stm32f1xx_hal_gpio_ex.o
LOAD ./Drivers/STM32F1xx_HAL_Driver/Src/stm32f1xx_hal_pwr.o
LOAD ./Drivers/STM32F1xx_HAL_Driver/Src/stm32f1xx_hal_rcc.o
LOAD ./Drivers/STM32F1xx_HAL_Driver/Src/stm32f1xx_hal_rcc_ex.o
LOAD ./Drivers/STM32F1xx_HAL_Driver/Src/stm32f1xx_hal_tim.o
LOAD ./Drivers/STM32F1xx_HAL_Driver/Src/stm32f1xx_hal_tim_ex.o
LOAD ./Drivers/STM32F1xx_HAL_Driver/Src/stm32f1xx_hal_uart.o
LOAD ./Drivers/STM32F1xx_HAL_Driver/Src/stm32f1xx_ll_dma.o
LOAD ./Drivers/STM32F1xx_HAL_Driver/Src/stm32f1xx_ll_exti.o
LOAD ./Drivers/STM32F1xx_HAL_Driver/Src/stm32f1xx_ll_gpio.o
LOAD ./Drivers/STM32F1xx_HAL_Driver/Src/stm32f1xx_ll_rcc.o
LOAD ./Drivers/STM32F1xx_HAL_Driver/Src/stm32f1xx_ll_tim.o
LOAD ./Drivers/STM32F1xx_HAL_Driver/Src/stm32f1xx_ll_usart.o
LOAD ./Drivers/STM32F1xx_HAL_Driver/Src/stm32f1xx_ll_utils.o
START GROUP
LOAD /Applications/STM32CubeIDE.app/Contents/Eclipse/plugins/com.st.stm32cube.ide.mcu.externaltools.gnu-tools-for-stm32.10.3-2021.10.macos64_1.0.0.202111181127/tools/bin/../lib/gcc/arm-none-eabi/10.3.1/../../../../arm-none-eabi/lib/thumb/v7-m/nofp/libc_nano.a
LOAD /Applications/STM32CubeIDE.app/Contents/Eclipse/plugins/com.st.stm32cube.ide.mcu.externaltools.gnu-tools-for-stm32.10.3-2021.10.macos64_1.0.0.202111181127/tools/bin/../lib/gcc/arm-none-eabi/10.3.1/../../../../arm-none-eabi/lib/thumb/v7-m/nofp/libm.a
END GROUP
START GROUP
LOAD /Applications/STM32CubeIDE.app/Contents/Eclipse/plugins/com.st.stm32cube.ide.mcu.externaltools.gnu-tools-for-stm32.10.3-2021.10.macos64_1.0.0.202111181127/tools/bin/../lib/gcc/arm-none-eabi/10.3.1/thumb/v7-m/nofp/libgcc.a
LOAD /Applications/STM32CubeIDE.app/Contents/Eclipse/plugins/com.st.stm32cube.ide.mcu.externaltools.gnu-tools-for-stm32.10.3-2021.10.macos64_1.0.0.202111181127/tools/bin/../lib/gcc/arm-none-eabi/10.3.1/../../../../arm-none-eabi/lib/thumb/v7-m/nofp/libc_nano.a
END GROUP
START GROUP
LOAD /Applications/STM32CubeIDE.app/Contents/Eclipse/plugins/com.st.stm32cube.ide.mcu.externaltools.gnu-tools-for-stm32.10.3-2021.10.macos64_1.0.0.202111181127/tools/bin/../lib/gcc/arm-none-eabi/10.3.1/thumb/v7-m/nofp/libgcc.a
LOAD /Applications/STM32CubeIDE.app/Contents/Eclipse/plugins/com.st.stm32cube.ide.mcu.externaltools.gnu-tools-for-stm32.10.3-2021.10.macos64_1.0.0.202111181127/tools/bin/../lib/gcc/arm-none-eabi/10.3.1/../../../../arm-none-eabi/lib/thumb/v7-m/nofp/libc_nano.a
LOAD /Applications/STM32CubeIDE.app/Contents/Eclipse/plugins/com.st.stm32cube.ide.mcu.externaltools.gnu-tools-for-stm32.10.3-2021.10.macos64_1.0.0.202111181127/tools/bin/../lib/gcc/arm-none-eabi/10.3.1/../../../../arm-none-eabi/lib/thumb/v7-m/nofp/libnosys.a
END GROUP
START GROUP
LOAD /Applications/STM32CubeIDE.app/Contents/Eclipse/plugins/com.st.stm32cube.ide.mcu.externaltools.gnu-tools-for-stm32.10.3-2021.10.macos64_1.0.0.202111181127/tools/bin/../lib/gcc/arm-none-eabi/10.3.1/thumb/v7-m/nofp/libgcc.a
LOAD /Applications/STM32CubeIDE.app/Contents/Eclipse/plugins/com.st.stm32cube.ide.mcu.externaltools.gnu-tools-for-stm32.10.3-2021.10.macos64_1.0.0.202111181127/tools/bin/../lib/gcc/arm-none-eabi/10.3.1/../../../../arm-none-eabi/lib/thumb/v7-m/nofp/libc_nano.a
LOAD /Applications/STM32CubeIDE.app/Contents/Eclipse/plugins/com.st.stm32cube.ide.mcu.externaltools.gnu-tools-for-stm32.10.3-2021.10.macos64_1.0.0.202111181127/tools/bin/../lib/gcc/arm-none-eabi/10.3.1/../../../../arm-none-eabi/lib/thumb/v7-m/nofp/libnosys.a
END GROUP
LOAD /Applications/STM32CubeIDE.app/Contents/Eclipse/plugins/com.st.stm32cube.ide.mcu.externaltools.gnu-tools-for-stm32.10.3-2021.10.macos64_1.0.0.202111181127/tools/bin/../lib/gcc/arm-none-eabi/10.3.1/thumb/v7-m/nofp/crtend.o
LOAD /Applications/STM32CubeIDE.app/Contents/Eclipse/plugins/com.st.stm32cube.ide.mcu.externaltools.gnu-tools-for-stm32.10.3-2021.10.macos64_1.0.0.202111181127/tools/bin/../lib/gcc/arm-none-eabi/10.3.1/thumb/v7-m/nofp/crtn.o
                0x0000000020005000                _estack = (ORIGIN (RAM) + LENGTH (RAM))
                0x0000000000000200                _Min_Heap_Size = 0x200
                0x0000000000000400                _Min_Stack_Size = 0x400

.isr_vector     0x0000000008000000      0x10c
                0x0000000008000000                . = ALIGN (0x4)
 *(.isr_vector)
 .isr_vector    0x0000000008000000      0x10c ./Core/Startup/startup_stm32f103c8tx.o
                0x0000000008000000                g_pfnVectors
                0x000000000800010c                . = ALIGN (0x4)

.text           0x000000000800010c     0x2acc
                0x000000000800010c                . = ALIGN (0x4)
 *(.text)
 .text          0x000000000800010c       0x40 /Applications/STM32CubeIDE.app/Contents/Eclipse/plugins/com.st.stm32cube.ide.mcu.externaltools.gnu-tools-for-stm32.10.3-2021.10.macos64_1.0.0.202111181127/tools/bin/../lib/gcc/arm-none-eabi/10.3.1/thumb/v7-m/nofp/crtbegin.o
 *(.text*)
 .text.LL_APB2_GRP1_EnableClock
                0x000000000800014c       0x30 ./Core/Src/gpio.o
 .text.MX_GPIO_Init
                0x000000000800017c       0x1a ./Core/Src/gpio.o
                0x000000000800017c                MX_GPIO_Init
 *fill*         0x0000000008000196        0x2 
 .text.LL_RCC_HSE_Enable
                0x0000000008000198       0x1c ./Core/Src/main.o
 .text.LL_RCC_HSE_IsReady
                0x00000000080001b4       0x24 ./Core/Src/main.o
 .text.LL_RCC_SetSysClkSource
                0x00000000080001d8       0x28 ./Core/Src/main.o
 .text.LL_RCC_GetSysClkSource
                0x0000000008000200       0x18 ./Core/Src/main.o
 .text.LL_RCC_SetAHBPrescaler
                0x0000000008000218       0x28 ./Core/Src/main.o
 .text.LL_RCC_SetAPB1Prescaler
                0x0000000008000240       0x28 ./Core/Src/main.o
 .text.LL_RCC_SetAPB2Prescaler
                0x0000000008000268       0x28 ./Core/Src/main.o
 .text.LL_RCC_PLL_Enable
                0x0000000008000290       0x1c ./Core/Src/main.o
 .text.LL_RCC_PLL_IsReady
                0x00000000080002ac       0x24 ./Core/Src/main.o
 .text.LL_RCC_PLL_ConfigDomain_SYS
                0x00000000080002d0       0x30 ./Core/Src/main.o
 .text.LL_FLASH_SetLatency
                0x0000000008000300       0x28 ./Core/Src/main.o
 .text.LL_FLASH_GetLatency
                0x0000000008000328       0x18 ./Core/Src/main.o
 .text.LL_TIM_GetCounter
                0x0000000008000340       0x16 ./Core/Src/main.o
 *fill*         0x0000000008000356        0x2 
 .text.main     0x0000000008000358      0x358 ./Core/Src/main.o
                0x0000000008000358                main
 .text.SystemClock_Config
                0x00000000080006b0       0x88 ./Core/Src/main.o
                0x00000000080006b0                SystemClock_Config
 .text.Error_Handler
                0x0000000008000738        0xa ./Core/Src/main.o
                0x0000000008000738                Error_Handler
 *fill*         0x0000000008000742        0x2 
 .text.HAL_MspInit
                0x0000000008000744       0x64 ./Core/Src/stm32f1xx_hal_msp.o
                0x0000000008000744                HAL_MspInit
 .text.NMI_Handler
                0x00000000080007a8        0x6 ./Core/Src/stm32f1xx_it.o
                0x00000000080007a8                NMI_Handler
 .text.HardFault_Handler
                0x00000000080007ae        0x6 ./Core/Src/stm32f1xx_it.o
                0x00000000080007ae                HardFault_Handler
 .text.MemManage_Handler
                0x00000000080007b4        0x6 ./Core/Src/stm32f1xx_it.o
                0x00000000080007b4                MemManage_Handler
 .text.BusFault_Handler
                0x00000000080007ba        0x6 ./Core/Src/stm32f1xx_it.o
                0x00000000080007ba                BusFault_Handler
 .text.UsageFault_Handler
                0x00000000080007c0        0x6 ./Core/Src/stm32f1xx_it.o
                0x00000000080007c0                UsageFault_Handler
 .text.SVC_Handler
                0x00000000080007c6        0xc ./Core/Src/stm32f1xx_it.o
                0x00000000080007c6                SVC_Handler
 .text.DebugMon_Handler
                0x00000000080007d2        0xc ./Core/Src/stm32f1xx_it.o
                0x00000000080007d2                DebugMon_Handler
 .text.PendSV_Handler
                0x00000000080007de        0xc ./Core/Src/stm32f1xx_it.o
                0x00000000080007de                PendSV_Handler
 .text.SysTick_Handler
                0x00000000080007ea        0xc ./Core/Src/stm32f1xx_it.o
                0x00000000080007ea                SysTick_Handler
 *fill*         0x00000000080007f6        0x2 
 .text.TIM1_UP_IRQHandler
                0x00000000080007f8       0x5c ./Core/Src/stm32f1xx_it.o
                0x00000000080007f8                TIM1_UP_IRQHandler
 .text.TIM2_IRQHandler
                0x0000000008000854       0x60 ./Core/Src/stm32f1xx_it.o
                0x0000000008000854                TIM2_IRQHandler
 .text.TIM3_IRQHandler
                0x00000000080008b4        0xc ./Core/Src/stm32f1xx_it.o
                0x00000000080008b4                TIM3_IRQHandler
 .text.USART1_IRQHandler
                0x00000000080008c0       0x14 ./Core/Src/stm32f1xx_it.o
                0x00000000080008c0                USART1_IRQHandler
 .text.USART2_IRQHandler
                0x00000000080008d4        0xc ./Core/Src/stm32f1xx_it.o
                0x00000000080008d4                USART2_IRQHandler
 .text.SystemInit
                0x00000000080008e0        0xc ./Core/Src/system_stm32f1xx.o
                0x00000000080008e0                SystemInit
 .text.__NVIC_GetPriorityGrouping
                0x00000000080008ec       0x1c ./Core/Src/tim.o
 .text.__NVIC_EnableIRQ
                0x0000000008000908       0x38 ./Core/Src/tim.o
 .text.__NVIC_SetPriority
                0x0000000008000940       0x54 ./Core/Src/tim.o
 .text.NVIC_EncodePriority
                0x0000000008000994       0x64 ./Core/Src/tim.o
 .text.LL_APB1_GRP1_EnableClock
                0x00000000080009f8       0x30 ./Core/Src/tim.o
 .text.LL_APB2_GRP1_EnableClock
                0x0000000008000a28       0x30 ./Core/Src/tim.o
 .text.LL_TIM_DisableARRPreload
                0x0000000008000a58       0x1e ./Core/Src/tim.o
 *fill*         0x0000000008000a76        0x2 
 .text.LL_TIM_IC_SetActiveInput
                0x0000000008000a78       0x98 ./Core/Src/tim.o
 .text.LL_TIM_IC_SetPrescaler
                0x0000000008000b10       0x98 ./Core/Src/tim.o
 .text.LL_TIM_IC_SetFilter
                0x0000000008000ba8       0x98 ./Core/Src/tim.o
 .text.LL_TIM_IC_SetPolarity
                0x0000000008000c40       0x84 ./Core/Src/tim.o
 .text.LL_TIM_SetEncoderMode
                0x0000000008000cc4       0x24 ./Core/Src/tim.o
 .text.LL_TIM_SetTriggerOutput
                0x0000000008000ce8       0x24 ./Core/Src/tim.o
 .text.LL_TIM_DisableMasterSlaveMode
                0x0000000008000d0c       0x1e ./Core/Src/tim.o
 *fill*         0x0000000008000d2a        0x2 
 .text.MX_TIM1_Init
                0x0000000008000d2c      0x114 ./Core/Src/tim.o
                0x0000000008000d2c                MX_TIM1_Init
 .text.MX_TIM2_Init
                0x0000000008000e40      0x124 ./Core/Src/tim.o
                0x0000000008000e40                MX_TIM2_Init
 .text.MX_TIM3_Init
                0x0000000008000f64      0x10c ./Core/Src/tim.o
                0x0000000008000f64                MX_TIM3_Init
 .text.__NVIC_GetPriorityGrouping
                0x0000000008001070       0x1c ./Core/Src/usart.o
 .text.__NVIC_EnableIRQ
                0x000000000800108c       0x38 ./Core/Src/usart.o
 .text.__NVIC_SetPriority
                0x00000000080010c4       0x54 ./Core/Src/usart.o
 .text.NVIC_EncodePriority
                0x0000000008001118       0x64 ./Core/Src/usart.o
 .text.LL_APB1_GRP1_EnableClock
                0x000000000800117c       0x30 ./Core/Src/usart.o
 .text.LL_APB2_GRP1_EnableClock
                0x00000000080011ac       0x30 ./Core/Src/usart.o
 .text.LL_USART_Enable
                0x00000000080011dc       0x1e ./Core/Src/usart.o
 .text.LL_USART_ConfigAsyncMode
                0x00000000080011fa       0x2a ./Core/Src/usart.o
 .text.MX_USART1_UART_Init
                0x0000000008001224       0x54 ./Core/Src/usart.o
                0x0000000008001224                MX_USART1_UART_Init
 .text.MX_USART2_UART_Init
                0x0000000008001278       0xcc ./Core/Src/usart.o
                0x0000000008001278                MX_USART2_UART_Init
 .text.HAL_UART_MspInit
                0x0000000008001344       0xc4 ./Core/Src/usart.o
                0x0000000008001344                HAL_UART_MspInit
 .text.Reset_Handler
                0x0000000008001408       0x48 ./Core/Startup/startup_stm32f103c8tx.o
                0x0000000008001408                Reset_Handler
 .text.Default_Handler
                0x0000000008001450        0x2 ./Core/Startup/startup_stm32f103c8tx.o
                0x0000000008001450                USBWakeUp_IRQHandler
                0x0000000008001450                EXTI2_IRQHandler
                0x0000000008001450                TIM1_CC_IRQHandler
                0x0000000008001450                PVD_IRQHandler
                0x0000000008001450                EXTI3_IRQHandler
                0x0000000008001450                EXTI0_IRQHandler
                0x0000000008001450                I2C2_EV_IRQHandler
                0x0000000008001450                ADC1_2_IRQHandler
                0x0000000008001450                SPI1_IRQHandler
                0x0000000008001450                TAMPER_IRQHandler
                0x0000000008001450                DMA1_Channel4_IRQHandler
                0x0000000008001450                USART3_IRQHandler
                0x0000000008001450                RTC_IRQHandler
                0x0000000008001450                DMA1_Channel7_IRQHandler
                0x0000000008001450                CAN1_RX1_IRQHandler
                0x0000000008001450                TIM4_IRQHandler
                0x0000000008001450                I2C1_EV_IRQHandler
                0x0000000008001450                DMA1_Channel6_IRQHandler
                0x0000000008001450                RCC_IRQHandler
                0x0000000008001450                TIM1_TRG_COM_IRQHandler
                0x0000000008001450                DMA1_Channel1_IRQHandler
                0x0000000008001450                Default_Handler
                0x0000000008001450                EXTI15_10_IRQHandler
                0x0000000008001450                EXTI9_5_IRQHandler
                0x0000000008001450                SPI2_IRQHandler
                0x0000000008001450                DMA1_Channel5_IRQHandler
                0x0000000008001450                EXTI4_IRQHandler
                0x0000000008001450                USB_LP_CAN1_RX0_IRQHandler
                0x0000000008001450                USB_HP_CAN1_TX_IRQHandler
                0x0000000008001450                DMA1_Channel3_IRQHandler
                0x0000000008001450                WWDG_IRQHandler
                0x0000000008001450                TIM1_BRK_IRQHandler
                0x0000000008001450                EXTI1_IRQHandler
                0x0000000008001450                I2C2_ER_IRQHandler
                0x0000000008001450                DMA1_Channel2_IRQHandler
                0x0000000008001450                CAN1_SCE_IRQHandler
                0x0000000008001450                FLASH_IRQHandler
                0x0000000008001450                I2C1_ER_IRQHandler
                0x0000000008001450                RTC_Alarm_IRQHandler
 *fill*         0x0000000008001452        0x2 
 .text.HAL_Init
                0x0000000008001454       0x2c ./Drivers/STM32F1xx_HAL_Driver/Src/stm32f1xx_hal.o
                0x0000000008001454                HAL_Init
 .text.HAL_InitTick
                0x0000000008001480       0x60 ./Drivers/STM32F1xx_HAL_Driver/Src/stm32f1xx_hal.o
                0x0000000008001480                HAL_InitTick
 .text.HAL_IncTick
                0x00000000080014e0       0x24 ./Drivers/STM32F1xx_HAL_Driver/Src/stm32f1xx_hal.o
                0x00000000080014e0                HAL_IncTick
 .text.__NVIC_SetPriorityGrouping
                0x0000000008001504       0x48 ./Drivers/STM32F1xx_HAL_Driver/Src/stm32f1xx_hal_cortex.o
 .text.__NVIC_GetPriorityGrouping
                0x000000000800154c       0x1c ./Drivers/STM32F1xx_HAL_Driver/Src/stm32f1xx_hal_cortex.o
 .text.__NVIC_EnableIRQ
                0x0000000008001568       0x38 ./Drivers/STM32F1xx_HAL_Driver/Src/stm32f1xx_hal_cortex.o
 .text.__NVIC_SetPriority
                0x00000000080015a0       0x54 ./Drivers/STM32F1xx_HAL_Driver/Src/stm32f1xx_hal_cortex.o
 .text.NVIC_EncodePriority
                0x00000000080015f4       0x64 ./Drivers/STM32F1xx_HAL_Driver/Src/stm32f1xx_hal_cortex.o
 .text.SysTick_Config
                0x0000000008001658       0x44 ./Drivers/STM32F1xx_HAL_Driver/Src/stm32f1xx_hal_cortex.o
 .text.HAL_NVIC_SetPriorityGrouping
                0x000000000800169c       0x16 ./Drivers/STM32F1xx_HAL_Driver/Src/stm32f1xx_hal_cortex.o
                0x000000000800169c                HAL_NVIC_SetPriorityGrouping
 .text.HAL_NVIC_SetPriority
                0x00000000080016b2       0x38 ./Drivers/STM32F1xx_HAL_Driver/Src/stm32f1xx_hal_cortex.o
                0x00000000080016b2                HAL_NVIC_SetPriority
 .text.HAL_NVIC_EnableIRQ
                0x00000000080016ea       0x1c ./Drivers/STM32F1xx_HAL_Driver/Src/stm32f1xx_hal_cortex.o
                0x00000000080016ea                HAL_NVIC_EnableIRQ
 .text.HAL_SYSTICK_Config
                0x0000000008001706       0x18 ./Drivers/STM32F1xx_HAL_Driver/Src/stm32f1xx_hal_cortex.o
                0x0000000008001706                HAL_SYSTICK_Config
 .text.HAL_DMA_Abort
                0x000000000800171e       0x74 ./Drivers/STM32F1xx_HAL_Driver/Src/stm32f1xx_hal_dma.o
                0x000000000800171e                HAL_DMA_Abort
 *fill*         0x0000000008001792        0x2 
 .text.HAL_DMA_Abort_IT
                0x0000000008001794       0xec ./Drivers/STM32F1xx_HAL_Driver/Src/stm32f1xx_hal_dma.o
                0x0000000008001794                HAL_DMA_Abort_IT
 .text.HAL_GPIO_Init
                0x0000000008001880      0x308 ./Drivers/STM32F1xx_HAL_Driver/Src/stm32f1xx_hal_gpio.o
                0x0000000008001880                HAL_GPIO_Init
 .text.HAL_RCC_GetHCLKFreq
                0x0000000008001b88       0x14 ./Drivers/STM32F1xx_HAL_Driver/Src/stm32f1xx_hal_rcc.o
                0x0000000008001b88                HAL_RCC_GetHCLKFreq
 .text.HAL_RCC_GetPCLK1Freq
                0x0000000008001b9c       0x28 ./Drivers/STM32F1xx_HAL_Driver/Src/stm32f1xx_hal_rcc.o
                0x0000000008001b9c                HAL_RCC_GetPCLK1Freq
 .text.HAL_RCC_GetPCLK2Freq
                0x0000000008001bc4       0x28 ./Drivers/STM32F1xx_HAL_Driver/Src/stm32f1xx_hal_rcc.o
                0x0000000008001bc4                HAL_RCC_GetPCLK2Freq
 .text.HAL_UART_Init
                0x0000000008001bec       0x9a ./Drivers/STM32F1xx_HAL_Driver/Src/stm32f1xx_hal_uart.o
                0x0000000008001bec                HAL_UART_Init
 *fill*         0x0000000008001c86        0x2 
 .text.HAL_UART_IRQHandler
                0x0000000008001c88      0x354 ./Drivers/STM32F1xx_HAL_Driver/Src/stm32f1xx_hal_uart.o
                0x0000000008001c88                HAL_UART_IRQHandler
 .text.HAL_UART_TxCpltCallback
                0x0000000008001fdc       0x12 ./Drivers/STM32F1xx_HAL_Driver/Src/stm32f1xx_hal_uart.o
                0x0000000008001fdc                HAL_UART_TxCpltCallback
 .text.HAL_UART_RxCpltCallback
                0x0000000008001fee       0x12 ./Drivers/STM32F1xx_HAL_Driver/Src/stm32f1xx_hal_uart.o
                0x0000000008001fee                HAL_UART_RxCpltCallback
 .text.HAL_UART_ErrorCallback
                0x0000000008002000       0x12 ./Drivers/STM32F1xx_HAL_Driver/Src/stm32f1xx_hal_uart.o
                0x0000000008002000                HAL_UART_ErrorCallback
 .text.HAL_UARTEx_RxEventCallback
                0x0000000008002012       0x16 ./Drivers/STM32F1xx_HAL_Driver/Src/stm32f1xx_hal_uart.o
                0x0000000008002012                HAL_UARTEx_RxEventCallback
 .text.UART_EndRxTransfer
                0x0000000008002028       0x58 ./Drivers/STM32F1xx_HAL_Driver/Src/stm32f1xx_hal_uart.o
 .text.UART_DMAAbortOnError
                0x0000000008002080       0x28 ./Drivers/STM32F1xx_HAL_Driver/Src/stm32f1xx_hal_uart.o
 .text.UART_Transmit_IT
                0x00000000080020a8       0x9e ./Drivers/STM32F1xx_HAL_Driver/Src/stm32f1xx_hal_uart.o
 .text.UART_EndTransmit_IT
                0x0000000008002146       0x30 ./Drivers/STM32F1xx_HAL_Driver/Src/stm32f1xx_hal_uart.o
 .text.UART_Receive_IT
                0x0000000008002176      0x152 ./Drivers/STM32F1xx_HAL_Driver/Src/stm32f1xx_hal_uart.o
 .text.UART_SetConfig
                0x00000000080022c8      0x11c ./Drivers/STM32F1xx_HAL_Driver/Src/stm32f1xx_hal_uart.o
 .text.LL_GPIO_SetPinMode
                0x00000000080023e4       0x64 ./Drivers/STM32F1xx_HAL_Driver/Src/stm32f1xx_ll_gpio.o
 .text.LL_GPIO_SetPinSpeed
                0x0000000008002448       0x64 ./Drivers/STM32F1xx_HAL_Driver/Src/stm32f1xx_ll_gpio.o
 .text.LL_GPIO_SetPinOutputType
                0x00000000080024ac       0x64 ./Drivers/STM32F1xx_HAL_Driver/Src/stm32f1xx_ll_gpio.o
 .text.LL_GPIO_SetPinPull
                0x0000000008002510       0x44 ./Drivers/STM32F1xx_HAL_Driver/Src/stm32f1xx_ll_gpio.o
 .text.LL_GPIO_Init
                0x0000000008002554       0xcc ./Drivers/STM32F1xx_HAL_Driver/Src/stm32f1xx_ll_gpio.o
                0x0000000008002554                LL_GPIO_Init
 .text.LL_RCC_GetSysClkSource
                0x0000000008002620       0x18 ./Drivers/STM32F1xx_HAL_Driver/Src/stm32f1xx_ll_rcc.o
 .text.LL_RCC_GetAHBPrescaler
                0x0000000008002638       0x18 ./Drivers/STM32F1xx_HAL_Driver/Src/stm32f1xx_ll_rcc.o
 .text.LL_RCC_GetAPB1Prescaler
                0x0000000008002650       0x18 ./Drivers/STM32F1xx_HAL_Driver/Src/stm32f1xx_ll_rcc.o
 .text.LL_RCC_GetAPB2Prescaler
                0x0000000008002668       0x18 ./Drivers/STM32F1xx_HAL_Driver/Src/stm32f1xx_ll_rcc.o
 .text.LL_RCC_PLL_GetMainSource
                0x0000000008002680       0x18 ./Drivers/STM32F1xx_HAL_Driver/Src/stm32f1xx_ll_rcc.o
 .text.LL_RCC_PLL_GetMultiplicator
                0x0000000008002698       0x18 ./Drivers/STM32F1xx_HAL_Driver/Src/stm32f1xx_ll_rcc.o
 .text.LL_RCC_PLL_GetPrediv
                0x00000000080026b0       0x1c ./Drivers/STM32F1xx_HAL_Driver/Src/stm32f1xx_ll_rcc.o
 .text.LL_RCC_GetSystemClocksFreq
                0x00000000080026cc       0x4a ./Drivers/STM32F1xx_HAL_Driver/Src/stm32f1xx_ll_rcc.o
                0x00000000080026cc                LL_RCC_GetSystemClocksFreq
 *fill*         0x0000000008002716        0x2 
 .text.RCC_GetSystemClockFreq
                0x0000000008002718       0x50 ./Drivers/STM32F1xx_HAL_Driver/Src/stm32f1xx_ll_rcc.o
                0x0000000008002718                RCC_GetSystemClockFreq
 .text.RCC_GetHCLKClockFreq
                0x0000000008002768       0x2c ./Drivers/STM32F1xx_HAL_Driver/Src/stm32f1xx_ll_rcc.o
                0x0000000008002768                RCC_GetHCLKClockFreq
 .text.RCC_GetPCLK1ClockFreq
                0x0000000008002794       0x28 ./Drivers/STM32F1xx_HAL_Driver/Src/stm32f1xx_ll_rcc.o
                0x0000000008002794                RCC_GetPCLK1ClockFreq
 .text.RCC_GetPCLK2ClockFreq
                0x00000000080027bc       0x28 ./Drivers/STM32F1xx_HAL_Driver/Src/stm32f1xx_ll_rcc.o
                0x00000000080027bc                RCC_GetPCLK2ClockFreq
 .text.RCC_PLL_GetFreqDomain_SYS
                0x00000000080027e4       0x64 ./Drivers/STM32F1xx_HAL_Driver/Src/stm32f1xx_ll_rcc.o
                0x00000000080027e4                RCC_PLL_GetFreqDomain_SYS
 .text.LL_TIM_SetPrescaler
                0x0000000008002848       0x1a ./Drivers/STM32F1xx_HAL_Driver/Src/stm32f1xx_ll_tim.o
 .text.LL_TIM_SetAutoReload
                0x0000000008002862       0x1a ./Drivers/STM32F1xx_HAL_Driver/Src/stm32f1xx_ll_tim.o
 .text.LL_TIM_SetRepetitionCounter
                0x000000000800287c       0x1a ./Drivers/STM32F1xx_HAL_Driver/Src/stm32f1xx_ll_tim.o
 .text.LL_TIM_GenerateEvent_UPDATE
                0x0000000008002896       0x1e ./Drivers/STM32F1xx_HAL_Driver/Src/stm32f1xx_ll_tim.o
 .text.LL_TIM_Init
                0x00000000080028b4       0xbc ./Drivers/STM32F1xx_HAL_Driver/Src/stm32f1xx_ll_tim.o
                0x00000000080028b4                LL_TIM_Init
 .text.LL_USART_IsEnabled
                0x0000000008002970       0x26 ./Drivers/STM32F1xx_HAL_Driver/Src/stm32f1xx_ll_usart.o
 .text.LL_USART_SetStopBitsLength
                0x0000000008002996       0x24 ./Drivers/STM32F1xx_HAL_Driver/Src/stm32f1xx_ll_usart.o
 .text.LL_USART_SetHWFlowCtrl
                0x00000000080029ba       0x24 ./Drivers/STM32F1xx_HAL_Driver/Src/stm32f1xx_ll_usart.o
 *fill*         0x00000000080029de        0x2 
 .text.LL_USART_SetBaudRate
                0x00000000080029e0       0xbc ./Drivers/STM32F1xx_HAL_Driver/Src/stm32f1xx_ll_usart.o
 .text.LL_USART_Init
                0x0000000008002a9c       0xc0 ./Drivers/STM32F1xx_HAL_Driver/Src/stm32f1xx_ll_usart.o
                0x0000000008002a9c                LL_USART_Init
 .text.LL_SetSystemCoreClock
                0x0000000008002b5c       0x1c ./Drivers/STM32F1xx_HAL_Driver/Src/stm32f1xx_ll_utils.o
                0x0000000008002b5c                LL_SetSystemCoreClock
 .text.__libc_init_array
                0x0000000008002b78       0x48 /Applications/STM32CubeIDE.app/Contents/Eclipse/plugins/com.st.stm32cube.ide.mcu.externaltools.gnu-tools-for-stm32.10.3-2021.10.macos64_1.0.0.202111181127/tools/bin/../lib/gcc/arm-none-eabi/10.3.1/../../../../arm-none-eabi/lib/thumb/v7-m/nofp/libc_nano.a(lib_a-init.o)
                0x0000000008002b78                __libc_init_array
 *(.glue_7)
 .glue_7        0x0000000008002bc0        0x0 linker stubs
 *(.glue_7t)
 .glue_7t       0x0000000008002bc0        0x0 linker stubs
 *(.eh_frame)
 .eh_frame      0x0000000008002bc0        0x0 /Applications/STM32CubeIDE.app/Contents/Eclipse/plugins/com.st.stm32cube.ide.mcu.externaltools.gnu-tools-for-stm32.10.3-2021.10.macos64_1.0.0.202111181127/tools/bin/../lib/gcc/arm-none-eabi/10.3.1/thumb/v7-m/nofp/crtbegin.o
 *(.init)
 .init          0x0000000008002bc0        0x4 /Applications/STM32CubeIDE.app/Contents/Eclipse/plugins/com.st.stm32cube.ide.mcu.externaltools.gnu-tools-for-stm32.10.3-2021.10.macos64_1.0.0.202111181127/tools/bin/../lib/gcc/arm-none-eabi/10.3.1/thumb/v7-m/nofp/crti.o
                0x0000000008002bc0                _init
 .init          0x0000000008002bc4        0x8 /Applications/STM32CubeIDE.app/Contents/Eclipse/plugins/com.st.stm32cube.ide.mcu.externaltools.gnu-tools-for-stm32.10.3-2021.10.macos64_1.0.0.202111181127/tools/bin/../lib/gcc/arm-none-eabi/10.3.1/thumb/v7-m/nofp/crtn.o
 *(.fini)
 .fini          0x0000000008002bcc        0x4 /Applications/STM32CubeIDE.app/Contents/Eclipse/plugins/com.st.stm32cube.ide.mcu.externaltools.gnu-tools-for-stm32.10.3-2021.10.macos64_1.0.0.202111181127/tools/bin/../lib/gcc/arm-none-eabi/10.3.1/thumb/v7-m/nofp/crti.o
                0x0000000008002bcc                _fini
 .fini          0x0000000008002bd0        0x8 /Applications/STM32CubeIDE.app/Contents/Eclipse/plugins/com.st.stm32cube.ide.mcu.externaltools.gnu-tools-for-stm32.10.3-2021.10.macos64_1.0.0.202111181127/tools/bin/../lib/gcc/arm-none-eabi/10.3.1/thumb/v7-m/nofp/crtn.o
                0x0000000008002bd8                . = ALIGN (0x4)
                0x0000000008002bd8                _etext = .

.vfp11_veneer   0x0000000008002bd8        0x0
 .vfp11_veneer  0x0000000008002bd8        0x0 linker stubs

.v4_bx          0x0000000008002bd8        0x0
 .v4_bx         0x0000000008002bd8        0x0 linker stubs

.iplt           0x0000000008002bd8        0x0
 .iplt          0x0000000008002bd8        0x0 /Applications/STM32CubeIDE.app/Contents/Eclipse/plugins/com.st.stm32cube.ide.mcu.externaltools.gnu-tools-for-stm32.10.3-2021.10.macos64_1.0.0.202111181127/tools/bin/../lib/gcc/arm-none-eabi/10.3.1/thumb/v7-m/nofp/crtbegin.o

.rodata         0x0000000008002bd8       0x30
                0x0000000008002bd8                . = ALIGN (0x4)
 *(.rodata)
 *(.rodata*)
 .rodata.AHBPrescTable
                0x0000000008002bd8       0x10 ./Core/Src/system_stm32f1xx.o
                0x0000000008002bd8                AHBPrescTable
 .rodata.APBPrescTable
                0x0000000008002be8        0x8 ./Core/Src/system_stm32f1xx.o
                0x0000000008002be8                APBPrescTable
 .rodata.OFFSET_TAB_CCMRx
                0x0000000008002bf0        0x7 ./Core/Src/tim.o
 *fill*         0x0000000008002bf7        0x1 
 .rodata.SHIFT_TAB_ICxx
                0x0000000008002bf8        0x7 ./Core/Src/tim.o
 *fill*         0x0000000008002bff        0x1 
 .rodata.SHIFT_TAB_CCxP
                0x0000000008002c00        0x7 ./Core/Src/tim.o
                0x0000000008002c08                . = ALIGN (0x4)
 *fill*         0x0000000008002c07        0x1 

.rel.dyn        0x0000000008002c08        0x0
 .rel.iplt      0x0000000008002c08        0x0 /Applications/STM32CubeIDE.app/Contents/Eclipse/plugins/com.st.stm32cube.ide.mcu.externaltools.gnu-tools-for-stm32.10.3-2021.10.macos64_1.0.0.202111181127/tools/bin/../lib/gcc/arm-none-eabi/10.3.1/thumb/v7-m/nofp/crtbegin.o

.ARM.extab      0x0000000008002c08        0x0
                0x0000000008002c08                . = ALIGN (0x4)
 *(.ARM.extab* .gnu.linkonce.armextab.*)
                0x0000000008002c08                . = ALIGN (0x4)

.ARM            0x0000000008002c08        0x0
                0x0000000008002c08                . = ALIGN (0x4)
                0x0000000008002c08                __exidx_start = .
 *(.ARM.exidx*)
                0x0000000008002c08                __exidx_end = .
                0x0000000008002c08                . = ALIGN (0x4)

.preinit_array  0x0000000008002c08        0x0
                0x0000000008002c08                . = ALIGN (0x4)
                0x0000000008002c08                PROVIDE (__preinit_array_start = .)
 *(.preinit_array*)
                0x0000000008002c08                PROVIDE (__preinit_array_end = .)
                0x0000000008002c08                . = ALIGN (0x4)

.init_array     0x0000000008002c08        0x4
                0x0000000008002c08                . = ALIGN (0x4)
                0x0000000008002c08                PROVIDE (__init_array_start = .)
 *(SORT_BY_NAME(.init_array.*))
 *(.init_array*)
 .init_array    0x0000000008002c08        0x4 /Applications/STM32CubeIDE.app/Contents/Eclipse/plugins/com.st.stm32cube.ide.mcu.externaltools.gnu-tools-for-stm32.10.3-2021.10.macos64_1.0.0.202111181127/tools/bin/../lib/gcc/arm-none-eabi/10.3.1/thumb/v7-m/nofp/crtbegin.o
                0x0000000008002c0c                PROVIDE (__init_array_end = .)
                0x0000000008002c0c                . = ALIGN (0x4)

.fini_array     0x0000000008002c0c        0x4
                0x0000000008002c0c                . = ALIGN (0x4)
                [!provide]                        PROVIDE (__fini_array_start = .)
 *(SORT_BY_NAME(.fini_array.*))
 *(.fini_array*)
 .fini_array    0x0000000008002c0c        0x4 /Applications/STM32CubeIDE.app/Contents/Eclipse/plugins/com.st.stm32cube.ide.mcu.externaltools.gnu-tools-for-stm32.10.3-2021.10.macos64_1.0.0.202111181127/tools/bin/../lib/gcc/arm-none-eabi/10.3.1/thumb/v7-m/nofp/crtbegin.o
                [!provide]                        PROVIDE (__fini_array_end = .)
                0x0000000008002c10                . = ALIGN (0x4)
                0x0000000008002c10                _sidata = LOADADDR (.data)

.data           0x0000000020000000        0xc load address 0x0000000008002c10
                0x0000000020000000                . = ALIGN (0x4)
                0x0000000020000000                _sdata = .
 *(.data)
 *(.data*)
 .data.SystemCoreClock
                0x0000000020000000        0x4 ./Core/Src/system_stm32f1xx.o
                0x0000000020000000                SystemCoreClock
 .data.uwTickPrio
                0x0000000020000004        0x4 ./Drivers/STM32F1xx_HAL_Driver/Src/stm32f1xx_hal.o
                0x0000000020000004                uwTickPrio
 .data.uwTickFreq
                0x0000000020000008        0x1 ./Drivers/STM32F1xx_HAL_Driver/Src/stm32f1xx_hal.o
                0x0000000020000008                uwTickFreq
 *(.RamFunc)
 *(.RamFunc*)
                0x000000002000000c                . = ALIGN (0x4)
 *fill*         0x0000000020000009        0x3 
                0x000000002000000c                _edata = .

.igot.plt       0x000000002000000c        0x0 load address 0x0000000008002c1c
 .igot.plt      0x000000002000000c        0x0 /Applications/STM32CubeIDE.app/Contents/Eclipse/plugins/com.st.stm32cube.ide.mcu.externaltools.gnu-tools-for-stm32.10.3-2021.10.macos64_1.0.0.202111181127/tools/bin/../lib/gcc/arm-none-eabi/10.3.1/thumb/v7-m/nofp/crtbegin.o
                0x000000002000000c                . = ALIGN (0x4)

.bss            0x000000002000000c       0x68 load address 0x0000000008002c1c
                0x000000002000000c                _sbss = .
                0x000000002000000c                __bss_start__ = _sbss
 *(.bss)
 .bss           0x000000002000000c       0x1c /Applications/STM32CubeIDE.app/Contents/Eclipse/plugins/com.st.stm32cube.ide.mcu.externaltools.gnu-tools-for-stm32.10.3-2021.10.macos64_1.0.0.202111181127/tools/bin/../lib/gcc/arm-none-eabi/10.3.1/thumb/v7-m/nofp/crtbegin.o
 *(.bss*)
 .bss.tim1      0x0000000020000028        0x1 ./Core/Src/stm32f1xx_it.o
                0x0000000020000028                tim1
 .bss.tim2      0x0000000020000029        0x1 ./Core/Src/stm32f1xx_it.o
                0x0000000020000029                tim2
 .bss.tim3      0x000000002000002a        0x1 ./Core/Src/stm32f1xx_it.o
                0x000000002000002a                tim3
 *fill*         0x000000002000002b        0x1 
 .bss.huart1    0x000000002000002c       0x44 ./Core/Src/usart.o
                0x000000002000002c                huart1
 .bss.uwTick    0x0000000020000070        0x4 ./Drivers/STM32F1xx_HAL_Driver/Src/stm32f1xx_hal.o
                0x0000000020000070                uwTick
 *(COMMON)
                0x0000000020000074                . = ALIGN (0x4)
                0x0000000020000074                _ebss = .
                0x0000000020000074                __bss_end__ = _ebss

._user_heap_stack
                0x0000000020000074      0x604 load address 0x0000000008002c1c
                0x0000000020000078                . = ALIGN (0x8)
 *fill*         0x0000000020000074        0x4 
                [!provide]                        PROVIDE (end = .)
                0x0000000020000078                PROVIDE (_end = .)
                0x0000000020000278                . = (. + _Min_Heap_Size)
 *fill*         0x0000000020000078      0x200 
                0x0000000020000678                . = (. + _Min_Stack_Size)
 *fill*         0x0000000020000278      0x400 
                0x0000000020000678                . = ALIGN (0x8)

/DISCARD/
 libc.a(*)
 libm.a(*)
 libgcc.a(*)

.ARM.attributes
                0x0000000000000000       0x29
 *(.ARM.attributes)
 .ARM.attributes
                0x0000000000000000       0x1d /Applications/STM32CubeIDE.app/Contents/Eclipse/plugins/com.st.stm32cube.ide.mcu.externaltools.gnu-tools-for-stm32.10.3-2021.10.macos64_1.0.0.202111181127/tools/bin/../lib/gcc/arm-none-eabi/10.3.1/thumb/v7-m/nofp/crti.o
 .ARM.attributes
                0x000000000000001d       0x2d /Applications/STM32CubeIDE.app/Contents/Eclipse/plugins/com.st.stm32cube.ide.mcu.externaltools.gnu-tools-for-stm32.10.3-2021.10.macos64_1.0.0.202111181127/tools/bin/../lib/gcc/arm-none-eabi/10.3.1/thumb/v7-m/nofp/crtbegin.o
 .ARM.attributes
                0x000000000000004a       0x2d ./Core/Src/gpio.o
 .ARM.attributes
                0x0000000000000077       0x2d ./Core/Src/main.o
 .ARM.attributes
                0x00000000000000a4       0x2d ./Core/Src/stm32f1xx_hal_msp.o
 .ARM.attributes
                0x00000000000000d1       0x2d ./Core/Src/stm32f1xx_it.o
 .ARM.attributes
                0x00000000000000fe       0x2d ./Core/Src/system_stm32f1xx.o
 .ARM.attributes
                0x000000000000012b       0x2d ./Core/Src/tim.o
 .ARM.attributes
                0x0000000000000158       0x2d ./Core/Src/usart.o
 .ARM.attributes
                0x0000000000000185       0x21 ./Core/Startup/startup_stm32f103c8tx.o
 .ARM.attributes
                0x00000000000001a6       0x2d ./Drivers/STM32F1xx_HAL_Driver/Src/stm32f1xx_hal.o
 .ARM.attributes
                0x00000000000001d3       0x2d ./Drivers/STM32F1xx_HAL_Driver/Src/stm32f1xx_hal_cortex.o
 .ARM.attributes
                0x0000000000000200       0x2d ./Drivers/STM32F1xx_HAL_Driver/Src/stm32f1xx_hal_dma.o
 .ARM.attributes
                0x000000000000022d       0x2d ./Drivers/STM32F1xx_HAL_Driver/Src/stm32f1xx_hal_gpio.o
 .ARM.attributes
                0x000000000000025a       0x2d ./Drivers/STM32F1xx_HAL_Driver/Src/stm32f1xx_hal_rcc.o
 .ARM.attributes
                0x0000000000000287       0x2d ./Drivers/STM32F1xx_HAL_Driver/Src/stm32f1xx_hal_uart.o
 .ARM.attributes
                0x00000000000002b4       0x2d ./Drivers/STM32F1xx_HAL_Driver/Src/stm32f1xx_ll_gpio.o
 .ARM.attributes
                0x00000000000002e1       0x2d ./Drivers/STM32F1xx_HAL_Driver/Src/stm32f1xx_ll_rcc.o
 .ARM.attributes
                0x000000000000030e       0x2d ./Drivers/STM32F1xx_HAL_Driver/Src/stm32f1xx_ll_tim.o
 .ARM.attributes
                0x000000000000033b       0x2d ./Drivers/STM32F1xx_HAL_Driver/Src/stm32f1xx_ll_usart.o
 .ARM.attributes
                0x0000000000000368       0x2d ./Drivers/STM32F1xx_HAL_Driver/Src/stm32f1xx_ll_utils.o
 .ARM.attributes
                0x0000000000000395       0x2d /Applications/STM32CubeIDE.app/Contents/Eclipse/plugins/com.st.stm32cube.ide.mcu.externaltools.gnu-tools-for-stm32.10.3-2021.10.macos64_1.0.0.202111181127/tools/bin/../lib/gcc/arm-none-eabi/10.3.1/../../../../arm-none-eabi/lib/thumb/v7-m/nofp/libc_nano.a(lib_a-init.o)
 .ARM.attributes
                0x00000000000003c2       0x1d /Applications/STM32CubeIDE.app/Contents/Eclipse/plugins/com.st.stm32cube.ide.mcu.externaltools.gnu-tools-for-stm32.10.3-2021.10.macos64_1.0.0.202111181127/tools/bin/../lib/gcc/arm-none-eabi/10.3.1/thumb/v7-m/nofp/crtn.o
OUTPUT(encoder.elf elf32-littlearm)
LOAD linker stubs
LOAD /Applications/STM32CubeIDE.app/Contents/Eclipse/plugins/com.st.stm32cube.ide.mcu.externaltools.gnu-tools-for-stm32.10.3-2021.10.macos64_1.0.0.202111181127/tools/bin/../lib/gcc/arm-none-eabi/10.3.1/../../../../arm-none-eabi/lib/thumb/v7-m/nofp/libc.a
LOAD /Applications/STM32CubeIDE.app/Contents/Eclipse/plugins/com.st.stm32cube.ide.mcu.externaltools.gnu-tools-for-stm32.10.3-2021.10.macos64_1.0.0.202111181127/tools/bin/../lib/gcc/arm-none-eabi/10.3.1/../../../../arm-none-eabi/lib/thumb/v7-m/nofp/libm.a
LOAD /Applications/STM32CubeIDE.app/Contents/Eclipse/plugins/com.st.stm32cube.ide.mcu.externaltools.gnu-tools-for-stm32.10.3-2021.10.macos64_1.0.0.202111181127/tools/bin/../lib/gcc/arm-none-eabi/10.3.1/thumb/v7-m/nofp/libgcc.a

.debug_info     0x0000000000000000     0x9b3d
 .debug_info    0x0000000000000000      0x21b ./Core/Src/gpio.o
 .debug_info    0x000000000000021b      0x771 ./Core/Src/main.o
 .debug_info    0x000000000000098c      0x2ae ./Core/Src/stm32f1xx_hal_msp.o
 .debug_info    0x0000000000000c3a      0x868 ./Core/Src/stm32f1xx_it.o
 .debug_info    0x00000000000014a2      0x23d ./Core/Src/system_stm32f1xx.o
 .debug_info    0x00000000000016df      0xd78 ./Core/Src/tim.o
 .debug_info    0x0000000000002457     0x10ae ./Core/Src/usart.o
 .debug_info    0x0000000000003505       0x22 ./Core/Startup/startup_stm32f103c8tx.o
 .debug_info    0x0000000000003527      0x734 ./Drivers/STM32F1xx_HAL_Driver/Src/stm32f1xx_hal.o
 .debug_info    0x0000000000003c5b      0xb20 ./Drivers/STM32F1xx_HAL_Driver/Src/stm32f1xx_hal_cortex.o
 .debug_info    0x000000000000477b      0x73f ./Drivers/STM32F1xx_HAL_Driver/Src/stm32f1xx_hal_dma.o
 .debug_info    0x0000000000004eba      0x615 ./Drivers/STM32F1xx_HAL_Driver/Src/stm32f1xx_hal_gpio.o
 .debug_info    0x00000000000054cf      0x860 ./Drivers/STM32F1xx_HAL_Driver/Src/stm32f1xx_hal_rcc.o
 .debug_info    0x0000000000005d2f     0x15d8 ./Drivers/STM32F1xx_HAL_Driver/Src/stm32f1xx_hal_uart.o
 .debug_info    0x0000000000007307      0x5ff ./Drivers/STM32F1xx_HAL_Driver/Src/stm32f1xx_ll_gpio.o
 .debug_info    0x0000000000007906      0x5a2 ./Drivers/STM32F1xx_HAL_Driver/Src/stm32f1xx_ll_rcc.o
 .debug_info    0x0000000000007ea8      0xe66 ./Drivers/STM32F1xx_HAL_Driver/Src/stm32f1xx_ll_tim.o
 .debug_info    0x0000000000008d0e      0x601 ./Drivers/STM32F1xx_HAL_Driver/Src/stm32f1xx_ll_usart.o
 .debug_info    0x000000000000930f      0x82e ./Drivers/STM32F1xx_HAL_Driver/Src/stm32f1xx_ll_utils.o

.debug_abbrev   0x0000000000000000     0x23f8
 .debug_abbrev  0x0000000000000000      0x101 ./Core/Src/gpio.o
 .debug_abbrev  0x0000000000000101      0x238 ./Core/Src/main.o
 .debug_abbrev  0x0000000000000339       0xdb ./Core/Src/stm32f1xx_hal_msp.o
 .debug_abbrev  0x0000000000000414      0x1d0 ./Core/Src/stm32f1xx_it.o
 .debug_abbrev  0x00000000000005e4      0x13b ./Core/Src/system_stm32f1xx.o
 .debug_abbrev  0x000000000000071f      0x1f2 ./Core/Src/tim.o
 .debug_abbrev  0x0000000000000911      0x2b1 ./Core/Src/usart.o
 .debug_abbrev  0x0000000000000bc2       0x12 ./Core/Startup/startup_stm32f103c8tx.o
 .debug_abbrev  0x0000000000000bd4      0x1fb ./Drivers/STM32F1xx_HAL_Driver/Src/stm32f1xx_hal.o
 .debug_abbrev  0x0000000000000dcf      0x2ed ./Drivers/STM32F1xx_HAL_Driver/Src/stm32f1xx_hal_cortex.o
 .debug_abbrev  0x00000000000010bc      0x1fe ./Drivers/STM32F1xx_HAL_Driver/Src/stm32f1xx_hal_dma.o
 .debug_abbrev  0x00000000000012ba      0x1bb ./Drivers/STM32F1xx_HAL_Driver/Src/stm32f1xx_hal_gpio.o
 .debug_abbrev  0x0000000000001475      0x2a8 ./Drivers/STM32F1xx_HAL_Driver/Src/stm32f1xx_hal_rcc.o
 .debug_abbrev  0x000000000000171d      0x278 ./Drivers/STM32F1xx_HAL_Driver/Src/stm32f1xx_hal_uart.o
 .debug_abbrev  0x0000000000001995      0x1fa ./Drivers/STM32F1xx_HAL_Driver/Src/stm32f1xx_ll_gpio.o
 .debug_abbrev  0x0000000000001b8f      0x268 ./Drivers/STM32F1xx_HAL_Driver/Src/stm32f1xx_ll_rcc.o
 .debug_abbrev  0x0000000000001df7      0x205 ./Drivers/STM32F1xx_HAL_Driver/Src/stm32f1xx_ll_tim.o
 .debug_abbrev  0x0000000000001ffc      0x1b4 ./Drivers/STM32F1xx_HAL_Driver/Src/stm32f1xx_ll_usart.o
 .debug_abbrev  0x00000000000021b0      0x248 ./Drivers/STM32F1xx_HAL_Driver/Src/stm32f1xx_ll_utils.o

.debug_aranges  0x0000000000000000      0xbf8
 .debug_aranges
                0x0000000000000000       0x28 ./Core/Src/gpio.o
 .debug_aranges
                0x0000000000000028       0x98 ./Core/Src/main.o
 .debug_aranges
                0x00000000000000c0       0x20 ./Core/Src/stm32f1xx_hal_msp.o
 .debug_aranges
                0x00000000000000e0       0x88 ./Core/Src/stm32f1xx_it.o
 .debug_aranges
                0x0000000000000168       0x28 ./Core/Src/system_stm32f1xx.o
 .debug_aranges
                0x0000000000000190       0xa0 ./Core/Src/tim.o
 .debug_aranges
                0x0000000000000230       0x78 ./Core/Src/usart.o
 .debug_aranges
                0x00000000000002a8       0x28 ./Core/Startup/startup_stm32f103c8tx.o
 .debug_aranges
                0x00000000000002d0       0xe0 ./Drivers/STM32F1xx_HAL_Driver/Src/stm32f1xx_hal.o
 .debug_aranges
                0x00000000000003b0      0x100 ./Drivers/STM32F1xx_HAL_Driver/Src/stm32f1xx_hal_cortex.o
 .debug_aranges
                0x00000000000004b0       0x80 ./Drivers/STM32F1xx_HAL_Driver/Src/stm32f1xx_hal_dma.o
 .debug_aranges
                0x0000000000000530       0x58 ./Drivers/STM32F1xx_HAL_Driver/Src/stm32f1xx_hal_gpio.o
 .debug_aranges
                0x0000000000000588       0x90 ./Drivers/STM32F1xx_HAL_Driver/Src/stm32f1xx_hal_rcc.o
 .debug_aranges
                0x0000000000000618      0x200 ./Drivers/STM32F1xx_HAL_Driver/Src/stm32f1xx_hal_uart.o
 .debug_aranges
                0x0000000000000818       0x60 ./Drivers/STM32F1xx_HAL_Driver/Src/stm32f1xx_ll_gpio.o
 .debug_aranges
                0x0000000000000878       0xd8 ./Drivers/STM32F1xx_HAL_Driver/Src/stm32f1xx_ll_rcc.o
 .debug_aranges
                0x0000000000000950      0x128 ./Drivers/STM32F1xx_HAL_Driver/Src/stm32f1xx_ll_tim.o
 .debug_aranges
                0x0000000000000a78       0x88 ./Drivers/STM32F1xx_HAL_Driver/Src/stm32f1xx_ll_usart.o
 .debug_aranges
                0x0000000000000b00       0xf8 ./Drivers/STM32F1xx_HAL_Driver/Src/stm32f1xx_ll_utils.o

.debug_ranges   0x0000000000000000      0xb00
 .debug_ranges  0x0000000000000000       0x18 ./Core/Src/gpio.o
 .debug_ranges  0x0000000000000018       0x88 ./Core/Src/main.o
 .debug_ranges  0x00000000000000a0       0x10 ./Core/Src/stm32f1xx_hal_msp.o
 .debug_ranges  0x00000000000000b0       0x78 ./Core/Src/stm32f1xx_it.o
 .debug_ranges  0x0000000000000128       0x18 ./Core/Src/system_stm32f1xx.o
 .debug_ranges  0x0000000000000140       0x90 ./Core/Src/tim.o
 .debug_ranges  0x00000000000001d0       0x68 ./Core/Src/usart.o
 .debug_ranges  0x0000000000000238       0x20 ./Core/Startup/startup_stm32f103c8tx.o
 .debug_ranges  0x0000000000000258       0xd0 ./Drivers/STM32F1xx_HAL_Driver/Src/stm32f1xx_hal.o
 .debug_ranges  0x0000000000000328       0xf0 ./Drivers/STM32F1xx_HAL_Driver/Src/stm32f1xx_hal_cortex.o
 .debug_ranges  0x0000000000000418       0x70 ./Drivers/STM32F1xx_HAL_Driver/Src/stm32f1xx_hal_dma.o
 .debug_ranges  0x0000000000000488       0x48 ./Drivers/STM32F1xx_HAL_Driver/Src/stm32f1xx_hal_gpio.o
 .debug_ranges  0x00000000000004d0       0x80 ./Drivers/STM32F1xx_HAL_Driver/Src/stm32f1xx_hal_rcc.o
 .debug_ranges  0x0000000000000550      0x220 ./Drivers/STM32F1xx_HAL_Driver/Src/stm32f1xx_hal_uart.o
 .debug_ranges  0x0000000000000770       0x50 ./Drivers/STM32F1xx_HAL_Driver/Src/stm32f1xx_ll_gpio.o
 .debug_ranges  0x00000000000007c0       0xc8 ./Drivers/STM32F1xx_HAL_Driver/Src/stm32f1xx_ll_rcc.o
 .debug_ranges  0x0000000000000888      0x118 ./Drivers/STM32F1xx_HAL_Driver/Src/stm32f1xx_ll_tim.o
 .debug_ranges  0x00000000000009a0       0x78 ./Drivers/STM32F1xx_HAL_Driver/Src/stm32f1xx_ll_usart.o
 .debug_ranges  0x0000000000000a18       0xe8 ./Drivers/STM32F1xx_HAL_Driver/Src/stm32f1xx_ll_utils.o

.debug_macro    0x0000000000000000    0x18d20
 .debug_macro   0x0000000000000000      0x205 ./Core/Src/gpio.o
 .debug_macro   0x0000000000000205      0xa72 ./Core/Src/gpio.o
 .debug_macro   0x0000000000000c77      0x20f ./Core/Src/gpio.o
 .debug_macro   0x0000000000000e86       0x2e ./Core/Src/gpio.o
 .debug_macro   0x0000000000000eb4       0x22 ./Core/Src/gpio.o
 .debug_macro   0x0000000000000ed6       0x22 ./Core/Src/gpio.o
 .debug_macro   0x0000000000000ef8       0x8e ./Core/Src/gpio.o
 .debug_macro   0x0000000000000f86       0x51 ./Core/Src/gpio.o
 .debug_macro   0x0000000000000fd7      0x103 ./Core/Src/gpio.o
 .debug_macro   0x00000000000010da       0x6a ./Core/Src/gpio.o
 .debug_macro   0x0000000000001144      0x1df ./Core/Src/gpio.o
 .debug_macro   0x0000000000001323       0x1c ./Core/Src/gpio.o
 .debug_macro   0x000000000000133f       0x22 ./Core/Src/gpio.o
 .debug_macro   0x0000000000001361       0xbd ./Core/Src/gpio.o
 .debug_macro   0x000000000000141e      0xd23 ./Core/Src/gpio.o
 .debug_macro   0x0000000000002141     0xe09e ./Core/Src/gpio.o
 .debug_macro   0x00000000000101df       0x6d ./Core/Src/gpio.o
 .debug_macro   0x000000000001024c     0x3468 ./Core/Src/gpio.o
 .debug_macro   0x00000000000136b4      0x174 ./Core/Src/gpio.o
 .debug_macro   0x0000000000013828       0x5c ./Core/Src/gpio.o
 .debug_macro   0x0000000000013884      0x5be ./Core/Src/gpio.o
 .debug_macro   0x0000000000013e42      0x289 ./Core/Src/gpio.o
 .debug_macro   0x00000000000140cb      0x1cb ./Core/Src/gpio.o
 .debug_macro   0x0000000000014296      0x114 ./Core/Src/gpio.o
 .debug_macro   0x00000000000143aa      0x1b2 ./Core/Src/gpio.o
 .debug_macro   0x000000000001455c       0x27 ./Core/Src/gpio.o
 .debug_macro   0x0000000000014583      0x136 ./Core/Src/gpio.o
 .debug_macro   0x00000000000146b9      0x1bc ./Core/Src/gpio.o
 .debug_macro   0x0000000000014875       0x34 ./Core/Src/gpio.o
 .debug_macro   0x00000000000148a9       0x3c ./Core/Src/gpio.o
 .debug_macro   0x00000000000148e5       0x57 ./Core/Src/gpio.o
 .debug_macro   0x000000000001493c       0x88 ./Core/Src/gpio.o
 .debug_macro   0x00000000000149c4      0x241 ./Core/Src/gpio.o
 .debug_macro   0x0000000000014c05      0x141 ./Core/Src/gpio.o
 .debug_macro   0x0000000000014d46      0x279 ./Core/Src/gpio.o
 .debug_macro   0x0000000000014fbf       0x83 ./Core/Src/gpio.o
 .debug_macro   0x0000000000015042      0x2be ./Core/Src/gpio.o
 .debug_macro   0x0000000000015300       0xd7 ./Core/Src/gpio.o
 .debug_macro   0x00000000000153d7       0x74 ./Core/Src/gpio.o
 .debug_macro   0x000000000001544b       0xd0 ./Core/Src/gpio.o
 .debug_macro   0x000000000001551b       0x28 ./Core/Src/gpio.o
 .debug_macro   0x0000000000015543       0x2a ./Core/Src/gpio.o
 .debug_macro   0x000000000001556d       0x90 ./Core/Src/gpio.o
 .debug_macro   0x00000000000155fd      0x287 ./Core/Src/gpio.o
 .debug_macro   0x0000000000015884      0x57a ./Core/Src/gpio.o
 .debug_macro   0x0000000000015dfe      0x1b4 ./Core/Src/gpio.o
 .debug_macro   0x0000000000015fb2      0x22a ./Core/Src/gpio.o
 .debug_macro   0x00000000000161dc      0x21d ./Core/Src/main.o
 .debug_macro   0x00000000000163f9      0x1fb ./Core/Src/stm32f1xx_hal_msp.o
 .debug_macro   0x00000000000165f4      0x205 ./Core/Src/stm32f1xx_it.o
 .debug_macro   0x00000000000167f9      0x18e ./Core/Src/system_stm32f1xx.o
 .debug_macro   0x0000000000016987      0x205 ./Core/Src/tim.o
 .debug_macro   0x0000000000016b8c      0x205 ./Core/Src/usart.o
 .debug_macro   0x0000000000016d91      0x1b2 ./Drivers/STM32F1xx_HAL_Driver/Src/stm32f1xx_hal.o
 .debug_macro   0x0000000000016f43      0x18e ./Drivers/STM32F1xx_HAL_Driver/Src/stm32f1xx_hal_cortex.o
 .debug_macro   0x00000000000170d1      0x18e ./Drivers/STM32F1xx_HAL_Driver/Src/stm32f1xx_hal_dma.o
 .debug_macro   0x000000000001725f      0x1f9 ./Drivers/STM32F1xx_HAL_Driver/Src/stm32f1xx_hal_gpio.o
 .debug_macro   0x0000000000017458      0x1a0 ./Drivers/STM32F1xx_HAL_Driver/Src/stm32f1xx_hal_rcc.o
 .debug_macro   0x00000000000175f8      0x18f ./Drivers/STM32F1xx_HAL_Driver/Src/stm32f1xx_hal_uart.o
 .debug_macro   0x0000000000017787      0x1ca ./Drivers/STM32F1xx_HAL_Driver/Src/stm32f1xx_ll_gpio.o
 .debug_macro   0x0000000000017951      0x224 ./Drivers/STM32F1xx_HAL_Driver/Src/stm32f1xx_ll_gpio.o
 .debug_macro   0x0000000000017b75      0x1af ./Drivers/STM32F1xx_HAL_Driver/Src/stm32f1xx_ll_rcc.o
 .debug_macro   0x0000000000017d24      0x2b8 ./Drivers/STM32F1xx_HAL_Driver/Src/stm32f1xx_ll_rcc.o
 .debug_macro   0x0000000000017fdc      0x219 ./Drivers/STM32F1xx_HAL_Driver/Src/stm32f1xx_ll_tim.o
 .debug_macro   0x00000000000181f5      0x574 ./Drivers/STM32F1xx_HAL_Driver/Src/stm32f1xx_ll_tim.o
 .debug_macro   0x0000000000018769      0x1fd ./Drivers/STM32F1xx_HAL_Driver/Src/stm32f1xx_ll_usart.o
 .debug_macro   0x0000000000018966      0x1ae ./Drivers/STM32F1xx_HAL_Driver/Src/stm32f1xx_ll_usart.o
 .debug_macro   0x0000000000018b14      0x20c ./Drivers/STM32F1xx_HAL_Driver/Src/stm32f1xx_ll_utils.o

.debug_line     0x0000000000000000     0xc507
 .debug_line    0x0000000000000000      0x78b ./Core/Src/gpio.o
 .debug_line    0x000000000000078b      0xbe8 ./Core/Src/main.o
 .debug_line    0x0000000000001373      0x76b ./Core/Src/stm32f1xx_hal_msp.o
 .debug_line    0x0000000000001ade      0x8c9 ./Core/Src/stm32f1xx_it.o
 .debug_line    0x00000000000023a7      0x6eb ./Core/Src/system_stm32f1xx.o
 .debug_line    0x0000000000002a92      0xbc9 ./Core/Src/tim.o
 .debug_line    0x000000000000365b      0x98c ./Core/Src/usart.o
 .debug_line    0x0000000000003fe7       0x87 ./Core/Startup/startup_stm32f103c8tx.o
 .debug_line    0x000000000000406e      0x918 ./Drivers/STM32F1xx_HAL_Driver/Src/stm32f1xx_hal.o
 .debug_line    0x0000000000004986      0xb00 ./Drivers/STM32F1xx_HAL_Driver/Src/stm32f1xx_hal_cortex.o
 .debug_line    0x0000000000005486      0xd70 ./Drivers/STM32F1xx_HAL_Driver/Src/stm32f1xx_hal_dma.o
 .debug_line    0x00000000000061f6      0x9af ./Drivers/STM32F1xx_HAL_Driver/Src/stm32f1xx_hal_gpio.o
 .debug_line    0x0000000000006ba5      0xd26 ./Drivers/STM32F1xx_HAL_Driver/Src/stm32f1xx_hal_rcc.o
 .debug_line    0x00000000000078cb     0x19f3 ./Drivers/STM32F1xx_HAL_Driver/Src/stm32f1xx_hal_uart.o
 .debug_line    0x00000000000092be      0x8cf ./Drivers/STM32F1xx_HAL_Driver/Src/stm32f1xx_ll_gpio.o
 .debug_line    0x0000000000009b8d      0x9e1 ./Drivers/STM32F1xx_HAL_Driver/Src/stm32f1xx_ll_rcc.o
 .debug_line    0x000000000000a56e      0xc24 ./Drivers/STM32F1xx_HAL_Driver/Src/stm32f1xx_ll_tim.o
 .debug_line    0x000000000000b192      0x892 ./Drivers/STM32F1xx_HAL_Driver/Src/stm32f1xx_ll_usart.o
 .debug_line    0x000000000000ba24      0xae3 ./Drivers/STM32F1xx_HAL_Driver/Src/stm32f1xx_ll_utils.o

.debug_str      0x0000000000000000    0x8904f
 .debug_str     0x0000000000000000    0x8424e ./Core/Src/gpio.o
                                      0x8467f (size before relaxing)
 .debug_str     0x000000000008424e      0x2ac ./Core/Src/main.o
                                      0x84965 (size before relaxing)
 .debug_str     0x00000000000844fa       0x5a ./Core/Src/stm32f1xx_hal_msp.o
                                      0x8468c (size before relaxing)
 .debug_str     0x0000000000084554      0x46b ./Core/Src/stm32f1xx_it.o
                                      0x84b4b (size before relaxing)
 .debug_str     0x00000000000849bf       0x6e ./Core/Src/system_stm32f1xx.o
                                      0x7c69f (size before relaxing)
 .debug_str     0x0000000000084a2d      0x562 ./Core/Src/tim.o
                                      0x84d86 (size before relaxing)
 .debug_str     0x0000000000084f8f      0x13f ./Core/Src/usart.o
                                      0x85102 (size before relaxing)
 .debug_str     0x00000000000850ce       0x36 ./Core/Startup/startup_stm32f103c8tx.o
                                         0x78 (size before relaxing)
 .debug_str     0x0000000000085104      0x366 ./Drivers/STM32F1xx_HAL_Driver/Src/stm32f1xx_hal.o
                                      0x7cdd2 (size before relaxing)
 .debug_str     0x000000000008546a      0x17d ./Drivers/STM32F1xx_HAL_Driver/Src/stm32f1xx_hal_cortex.o
                                      0x7cd1e (size before relaxing)
 .debug_str     0x00000000000855e7      0x23a ./Drivers/STM32F1xx_HAL_Driver/Src/stm32f1xx_hal_dma.o
                                      0x7ca48 (size before relaxing)
 .debug_str     0x0000000000085821      0x31d ./Drivers/STM32F1xx_HAL_Driver/Src/stm32f1xx_hal_gpio.o
                                      0x7ca25 (size before relaxing)
 .debug_str     0x0000000000085b3e      0x35f ./Drivers/STM32F1xx_HAL_Driver/Src/stm32f1xx_hal_rcc.o
                                      0x7cace (size before relaxing)
 .debug_str     0x0000000000085e9d      0x5dd ./Drivers/STM32F1xx_HAL_Driver/Src/stm32f1xx_hal_uart.o
                                      0x7d0d9 (size before relaxing)
 .debug_str     0x000000000008647a      0x3db ./Drivers/STM32F1xx_HAL_Driver/Src/stm32f1xx_ll_gpio.o
                                      0x7dfc4 (size before relaxing)
 .debug_str     0x0000000000086855      0x368 ./Drivers/STM32F1xx_HAL_Driver/Src/stm32f1xx_ll_rcc.o
                                      0x7db4b (size before relaxing)
 .debug_str     0x0000000000086bbd     0x1273 ./Drivers/STM32F1xx_HAL_Driver/Src/stm32f1xx_ll_tim.o
                                      0x80d09 (size before relaxing)
 .debug_str     0x0000000000087e30      0x7cf ./Drivers/STM32F1xx_HAL_Driver/Src/stm32f1xx_ll_usart.o
                                      0x7f3cc (size before relaxing)
 .debug_str     0x00000000000885ff      0xa50 ./Drivers/STM32F1xx_HAL_Driver/Src/stm32f1xx_ll_utils.o
                                      0x7e840 (size before relaxing)

.comment        0x0000000000000000       0x50
 .comment       0x0000000000000000       0x50 ./Core/Src/gpio.o
                                         0x51 (size before relaxing)
 .comment       0x0000000000000050       0x51 ./Core/Src/main.o
 .comment       0x0000000000000050       0x51 ./Core/Src/stm32f1xx_hal_msp.o
 .comment       0x0000000000000050       0x51 ./Core/Src/stm32f1xx_it.o
 .comment       0x0000000000000050       0x51 ./Core/Src/system_stm32f1xx.o
 .comment       0x0000000000000050       0x51 ./Core/Src/tim.o
 .comment       0x0000000000000050       0x51 ./Core/Src/usart.o
 .comment       0x0000000000000050       0x51 ./Drivers/STM32F1xx_HAL_Driver/Src/stm32f1xx_hal.o
 .comment       0x0000000000000050       0x51 ./Drivers/STM32F1xx_HAL_Driver/Src/stm32f1xx_hal_cortex.o
 .comment       0x0000000000000050       0x51 ./Drivers/STM32F1xx_HAL_Driver/Src/stm32f1xx_hal_dma.o
 .comment       0x0000000000000050       0x51 ./Drivers/STM32F1xx_HAL_Driver/Src/stm32f1xx_hal_gpio.o
 .comment       0x0000000000000050       0x51 ./Drivers/STM32F1xx_HAL_Driver/Src/stm32f1xx_hal_rcc.o
 .comment       0x0000000000000050       0x51 ./Drivers/STM32F1xx_HAL_Driver/Src/stm32f1xx_hal_uart.o
 .comment       0x0000000000000050       0x51 ./Drivers/STM32F1xx_HAL_Driver/Src/stm32f1xx_ll_gpio.o
 .comment       0x0000000000000050       0x51 ./Drivers/STM32F1xx_HAL_Driver/Src/stm32f1xx_ll_rcc.o
 .comment       0x0000000000000050       0x51 ./Drivers/STM32F1xx_HAL_Driver/Src/stm32f1xx_ll_tim.o
 .comment       0x0000000000000050       0x51 ./Drivers/STM32F1xx_HAL_Driver/Src/stm32f1xx_ll_usart.o
 .comment       0x0000000000000050       0x51 ./Drivers/STM32F1xx_HAL_Driver/Src/stm32f1xx_ll_utils.o

.debug_frame    0x0000000000000000     0x2f68
 .debug_frame   0x0000000000000000       0x54 ./Core/Src/gpio.o
 .debug_frame   0x0000000000000054      0x23c ./Core/Src/main.o
 .debug_frame   0x0000000000000290       0x38 ./Core/Src/stm32f1xx_hal_msp.o
 .debug_frame   0x00000000000002c8      0x1a0 ./Core/Src/stm32f1xx_it.o
 .debug_frame   0x0000000000000468       0x58 ./Core/Src/system_stm32f1xx.o
 .debug_frame   0x00000000000004c0      0x2a4 ./Core/Src/tim.o
 .debug_frame   0x0000000000000764      0x1d0 ./Core/Src/usart.o
 .debug_frame   0x0000000000000934      0x334 ./Drivers/STM32F1xx_HAL_Driver/Src/stm32f1xx_hal.o
 .debug_frame   0x0000000000000c68      0x428 ./Drivers/STM32F1xx_HAL_Driver/Src/stm32f1xx_hal_cortex.o
 .debug_frame   0x0000000000001090      0x208 ./Drivers/STM32F1xx_HAL_Driver/Src/stm32f1xx_hal_dma.o
 .debug_frame   0x0000000000001298      0x14c ./Drivers/STM32F1xx_HAL_Driver/Src/stm32f1xx_hal_gpio.o
 .debug_frame   0x00000000000013e4      0x21c ./Drivers/STM32F1xx_HAL_Driver/Src/stm32f1xx_hal_rcc.o
 .debug_frame   0x0000000000001600      0x914 ./Drivers/STM32F1xx_HAL_Driver/Src/stm32f1xx_hal_uart.o
 .debug_frame   0x0000000000001f14      0x170 ./Drivers/STM32F1xx_HAL_Driver/Src/stm32f1xx_ll_gpio.o
 .debug_frame   0x0000000000002084      0x34c ./Drivers/STM32F1xx_HAL_Driver/Src/stm32f1xx_ll_rcc.o
 .debug_frame   0x00000000000023d0      0x538 ./Drivers/STM32F1xx_HAL_Driver/Src/stm32f1xx_ll_tim.o
 .debug_frame   0x0000000000002908      0x234 ./Drivers/STM32F1xx_HAL_Driver/Src/stm32f1xx_ll_usart.o
 .debug_frame   0x0000000000002b3c      0x400 ./Drivers/STM32F1xx_HAL_Driver/Src/stm32f1xx_ll_utils.o
 .debug_frame   0x0000000000002f3c       0x2c /Applications/STM32CubeIDE.app/Contents/Eclipse/plugins/com.st.stm32cube.ide.mcu.externaltools.gnu-tools-for-stm32.10.3-2021.10.macos64_1.0.0.202111181127/tools/bin/../lib/gcc/arm-none-eabi/10.3.1/../../../../arm-none-eabi/lib/thumb/v7-m/nofp/libc_nano.a(lib_a-init.o)
