../Core/Src/BMP_280_My.c:24:6:BMP280_Init	8	static
../Core/Src/BMP_280_My.c:42:9:read_BMP_Register	24	static
../Core/Src/BMP_280_My.c:52:9:write_BMP_Register	16	static
../Core/Src/BMP_280_My.c:61:9:spi_BMP_ReadWrite	32	static
../Core/Src/BMP_280_My.c:70:6:readMBRegister	24	static
../Core/Src/BMP_280_My.c:82:6:BMP280_reset	8	static
../Core/Src/BMP_280_My.c:87:9:BMP280_readStatus	16	static
../Core/Src/BMP_280_My.c:93:6:readCompensationParameters	32	static
../Core/Src/BMP_280_My.c:111:6:setPressureOversampling	16	static
../Core/Src/BMP_280_My.c:118:6:setTemperatureOversampling	16	static
../Core/Src/BMP_280_My.c:125:6:setPowerMode	16	static
../Core/Src/BMP_280_My.c:132:6:setFilterCoefficient	16	static
../Core/Src/BMP_280_My.c:139:6:setStandbyTime	16	static
../Core/Src/BMP_280_My.c:147:7:measure	32	static
../Core/Src/BMP_280_My.c:163:7:get_diff_preasure	16	static
../Core/Src/BMP_280_My.c:169:9:compensate_temperature	24	static
../Core/Src/BMP_280_My.c:183:10:compensate_pressure	376	static
../Core/Src/BMP_280_My.c:209:7:setReferencePressure	16	static
