../Core/Inc/MPU9250.h:155:5:MPU_begin	8	static
../Core/Inc/MPU9250.h:264:5:whoAmI	16	static
../Core/Inc/MPU9250.h:276:5:whoAmIAK8963	8	static
../Core/Inc/MPU9250.h:287:5:writeRegister	24	static
../Core/Inc/MPU9250.h:307:5:readRegisters	24	static
../Core/Inc/MPU9250.h:317:9:SPIx_WriteRead	32	static
../Core/Inc/MPU9250.h:329:6:MPU_SPI_Write	16	static
../Core/Inc/MPU9250.h:341:6:MPU_SPI_Read	16	static
../Core/Inc/MPU9250.h:358:5:writeAK8963Register	16	static
../Core/Inc/MPU9250.h:388:5:readAK8963Registers	24	static
../Core/Inc/MPU9250.h:416:5:setAccelRange	16	static
../Core/Inc/MPU9250.h:424:5:setGyroRange	16	static
../Core/Inc/MPU9250.h:433:5:setDlpfBandwidth	16	static
../Core/Inc/MPU9250.h:444:5:setSrd	16	static
../Core/Inc/MPU9250.h:486:5:enableDataReadyInterrupt	8	static
../Core/Inc/MPU9250.h:498:5:disableDataReadyInterrupt	8	static
../Core/Inc/MPU9250.h:507:5:readSensor	8	static
../Core/Inc/MPU9250.h:526:5:readSensor3	24	static
../Core/Inc/vector.h:11:6:M3fSetRow	24	static
../Core/Inc/vector.h:18:6:M3fMultiply	32	static
../Core/Inc/vector.h:33:6:V3fTransform	32	static
../Core/Inc/vector.h:40:6:V3fMult	24	static
../Core/Inc/vector.h:47:6:V3fEMA	32	static
../Core/Inc/vector.h:60:7:M3fDefiner	32	static
../Core/Inc/vector.h:72:8:M3fInvert	32	static
../Core/Inc/vector.h:94:6:M3fDupe	16	static
../Core/Inc/vector.h:109:6:V3fDupe	16	static
../Core/Inc/vector.h:116:7:V3fDot	24	static
../Core/Inc/vector.h:121:7:V3fLength	24	static
../Core/Inc/vector.h:126:7:V3fLengthSqr	24	static
../Core/Inc/vector.h:131:7:V3fCos	32	static
../Core/Inc/vector.h:136:7:V3fAng	32	static
../Core/Inc/vector.h:142:6:V3fCross	32	static
../Core/Inc/vector.h:149:6:V3fNormalize	32	static
../Core/Inc/vector.h:158:6:V3fNormalizeSelf	32	static
../Core/Inc/vector.h:167:6:V3fProject	40	static
../Core/Inc/vector.h:176:6:V3fReject	40	static
../Core/Inc/vector.h:185:6:V3fReflect	40	static
../Core/Inc/vector.h:194:6:V3fReflectM	40	static
../Core/Inc/vector.h:211:6:V3fDiv	40	static
../Core/Inc/vector.h:219:6:V3fInvert	16	static
../Core/Inc/vector.h:226:6:V3fInvertSelf	16	static
../Core/Inc/vector.h:233:6:V3fSum	32	static
../Core/Inc/vector.h:240:6:V3fDiff	32	static
../Core/Inc/vector.h:248:9:M3fGetEuler	32	static
../Core/Inc/vector.h:279:6:floatToByteArray	32	static
../Core/Src/main.c:100:5:main	216	static
../Core/Src/main.c:216:6:SystemClock_Config	72	static
../Core/Src/main.c:255:13:MX_NVIC_Init	8	static
../Core/Src/main.c:263:6:HAL_TIM_PeriodElapsedCallback	176	static
../Core/Src/main.c:279:6:ProcessHeadTracking	8	static
../Core/Src/main.c:287:6:SendTestData	24	static
../Core/Src/main.c:297:6:calibrateData	8	static
../Core/Src/main.c:316:6:processEulerMatrix	24	static
../Core/Src/main.c:340:6:TransmitSensorData	64	static
../Core/Src/main.c:352:6:processArduinoReport	40	static
../Core/Src/main.c:417:6:HAL_GPIO_EXTI_Callback	16	static
../Core/Src/main.c:429:6:Error_Handler	4	static,ignoring_inline_asm
